<html>
<body>
<pre>
<h1>µVision Build Log</h1>
<h2>Project:</h2>
D:\rtt\wav_stm32f\ourdev_629509BWNLMV_20171103\OOPY_MUSIC_PLAYER_PCM1793_003\OOPY_musicplayer.uvproj
Project File Date:  11/08/2017

<h2>Output:</h2>
Rebuild target 'Target 1'
compiling main.c...
main.c(263): warning:  #167-D: argument of type "unsigned char *" is incompatible with parameter of type "char *restrict"
  strncpy(tempstring,subdir,13);
main.c(264): warning:  #167-D: argument of type "unsigned char *" is incompatible with parameter of type "char *restrict"
  strcat(tempstring,"\\");
main.c(265): warning:  #167-D: argument of type "unsigned char *" is incompatible with parameter of type "char *restrict"
  strncat(tempstring,info.fname,13);
main.c(271): warning:  #223-D: function "playableWAV" declared implicitly
                if(playableWAV(tempstring)==0)goto ADDFILE;
main.c(275): warning:  #223-D: function "playableFLAC" declared implicitly
                if(playableFLAC(tempstring)==0)goto ADDFILE;
main.c(373): warning:  #177-D: variable "k" was declared but never referenced
  unsigned int i,k,j,select,disp_offset,key;
main.c(373): warning:  #177-D: variable "key" was declared but never referenced
  unsigned int i,k,j,select,disp_offset,key;
main.c(590): warning:  #177-D: variable "key" was declared but never referenced
  unsigned int key;
main.c(593): warning:  #177-D: variable "k" was declared but never referenced
  unsigned int i,k,j,select,disp_offset;
main.c(830): warning:  #188-D: enumerated type mixed with another type
                                                                        if(fres>=17)fres=17;
main.c(832): warning:  #167-D: argument of type "unsigned char *" is incompatible with parameter of type "char *"
                                                                        LCD_Txt_Puts(tempstring);
main.c(1096): warning:  #167-D: argument of type "unsigned char *" is incompatible with parameter of type "char *"
  fres=search_one_big_file(tempstring);
main.c(1099): warning:  #167-D: argument of type "unsigned char *" is incompatible with parameter of type "const XCHAR *"
  f_open(&file,tempstring,FA_READ);
main.c(1090): warning:  #177-D: variable "readed" was declared but never referenced
  unsigned int readed,time,speed;
main.c(1090): warning:  #177-D: variable "time" was declared but never referenced
  unsigned int readed,time,speed;
main.c(1090): warning:  #177-D: variable "speed" was declared but never referenced
  unsigned int readed,time,speed;
main.c(1194): warning:  #167-D: argument of type "unsigned char *" is incompatible with parameter of type "char *restrict"
        strncpy(tempstring,Dirname[dirnum],13);
main.c(1195): warning:  #167-D: argument of type "unsigned char *" is incompatible with parameter of type "char *restrict"
        strcat(tempstring,"\\");
main.c(1199): warning:  #167-D: argument of type "unsigned char *" is incompatible with parameter of type "char *restrict"
  strncat(tempstring,f_info.fname,13);
main.c(1201): warning:  #223-D: function "playableWAV" declared implicitly
        if(playableWAV(tempstring) && playableFLAC(tempstring))continue;
main.c(1201): warning:  #223-D: function "playableFLAC" declared implicitly
        if(playableWAV(tempstring) && playableFLAC(tempstring))continue;
main.c(1684): warning:  #167-D: argument of type "unsigned char *" is incompatible with parameter of type "char *restrict"
        strncpy(tempstring,Dirname[dirnum],13);
main.c(1685): warning:  #167-D: argument of type "unsigned char *" is incompatible with parameter of type "char *restrict"
        strcat(tempstring,"\\");
main.c(1689): warning:  #167-D: argument of type "unsigned char *" is incompatible with parameter of type "char *restrict"
  strncat(tempstring,Filename[tracknum],13);
main.c(1696): warning:  #167-D: argument of type "unsigned char *" is incompatible with parameter of type "char *"
        playWAV(tempstring);
main.c(1705): warning:  #167-D: argument of type "unsigned char *" is incompatible with parameter of type "char *"
        playFLAC(tempstring);
main.c(1473): warning:  #550-D: variable "Status" was set but never used
  SD_Error Status;
main.c(1474): warning:  #177-D: variable "i" was declared but never referenced
  UINT i,k;
main.c(1474): warning:  #177-D: variable "k" was declared but never referenced
  UINT i,k;
main.c: 29 warnings, 0 errors
compiling sdcard.c...
compiling stm32f10x_it.c...
assembling stm32f10x_vector.s...
assembling cortexm3_macro.s...
compiling bmpicon.c...
compiling stm32f10x_fsmc.c...
compiling stm32f10x_spi.c...
compiling stm32f10x_adc.c...
compiling stm32f10x_lib.c...
compiling stm32f10x_gpio.c...
compiling stm32f10x_rcc.c...
compiling stm32f10x_flash.c...
compiling stm32f10x_sdio.c...
compiling stm32f10x_dma.c...
compiling stm32f10x_nvic.c...
compiling stm32f10x_usart.c...
compiling cc936.c...
FATFS\cc936.c(5473): warning:  #177-D: variable "p" was declared but never referenced
        const WCHAR *p;
FATFS\cc936.c: 1 warning, 0 errors
compiling diskio.c...
FATFS\diskio.c(148): warning:  #177-D: variable "i" was declared but never referenced
     DWORD i; 
FATFS\diskio.c(147): warning: C4017W: Status may be used before being set
   SD_Error Status;
FATFS\diskio.c(239): warning: C4017W: Status may be used before being set
   SD_Error Status;
FATFS\diskio.c: 3 warnings, 0 errors
compiling ff.c...
compiling fsmc_lcd.c...
compiling tft_otm3225.c...
TFT\tft_otm3225.c(618): warning:  #223-D: function "delay_ms" declared implicitly
      delay_ms(50);
TFT\tft_otm3225.c(626): warning:  #223-D: function "delay_ms" declared implicitly
      delay_ms(50); 
TFT\tft_otm3225.c(634): warning:  #223-D: function "delay_ms" declared implicitly
      delay_ms(50); 
TFT\tft_otm3225.c(642): warning:  #223-D: function "delay_ms" declared implicitly
      delay_ms(50); 
TFT\tft_otm3225.c(712): warning:  #223-D: function "printf" declared implicitly
        printf(str);printf("\r\n");
TFT\tft_otm3225.c(805): warning:  #223-D: function "printf" declared implicitly
        printf("%d",c);
TFT\tft_otm3225.c: 6 warnings, 0 errors
compiling LCD_Printf.c...
compiling bitstream.c...
flac\bitstream.c(52): warning:  #550-D: variable "re_cache" was set but never used
          OPEN_READER(re, s)
flac\bitstream.c(135): warning:  #550-D: variable "re_cache" was set but never used
      OPEN_READER(re, s)
flac\bitstream.c: 2 warnings, 0 errors
compiling crc8.c...
compiling flacdecoder.c...
flac\flacdecoder.c(185): warning:  #188-D: enumerated type mixed with another type
      s->decorrelation= decorrelation;
flac\flacdecoder.c: 1 warning, 0 errors
compiling flacplay.c...
flac\flacplay.c(57): warning:  #550-D: variable "seekpoint_lo" was set but never used
    uint32_t seekpoint_lo, seekpoint_hi;
flac\flacplay.c(57): warning:  #550-D: variable "seekpoint_hi" was set but never used
    uint32_t seekpoint_lo, seekpoint_hi;
flac\flacplay.c(58): warning:  #550-D: variable "offset_lo" was set but never used
    uint32_t offset_lo, offset_hi;
flac\flacplay.c(58): warning:  #550-D: variable "offset_hi" was set but never used
    uint32_t offset_lo, offset_hi;
flac\flacplay.c(391): warning:  #177-D: variable "result" was declared but never referenced
      int result;
flac\flacplay.c(440): warning:  #177-D: variable "fres" was declared but never referenced
  FRESULT fres;
flac\flacplay.c(441): warning:  #177-D: variable "br" was declared but never referenced
  UINT br;
flac\flacplay.c(730): warning:  #223-D: function "Random_List_Seek_To_Current_File" declared implicitly
                                                Random_List_Seek_To_Current_File();
flac\flacplay.c(544): warning:  #177-D: variable "fres" was declared but never referenced
  FRESULT fres;
flac\flacplay.c(545): warning:  #177-D: variable "xxx" was declared but never referenced
  UINT br,xxx,totaltime;
flac\flacplay.c(545): warning:  #177-D: variable "totaltime" was declared but never referenced
  UINT br,xxx,totaltime;
flac\flacplay.c(547): warning:  #177-D: variable "i" was declared but never referenced
  int i;
flac\flacplay.c(548): warning:  #177-D: variable "m" was declared but never referenced
  int m,n;
flac\flacplay.c(548): warning:  #177-D: variable "n" was declared but never referenced
  int m,n;
flac\flacplay.c(550): warning: C4017W: pause_disp may be used before being set
int pause_play,pause_disp;
flac\flacplay.c: 15 warnings, 0 errors
compiling golomb.c...
compiling subframe_decoders.c...
compiling wavplay.c...
WAV\wavplay.c(95): warning:  #177-D: variable "br" was declared but never referenced
        UINT br;
WAV\wavplay.c(427): warning:  #223-D: function "Random_List_Seek_To_Current_File" declared implicitly
                                                        Random_List_Seek_To_Current_File();
WAV\wavplay.c(246): warning:  #177-D: variable "br" was declared but never referenced
  UINT br;
WAV\wavplay.c(247): warning: C4017W: pause_disp may be used before being set
int i,pause_play,pause_disp;
WAV\wavplay.c: 4 warnings, 0 errors
compiling LED.c...
compiling debug.c...
linking...
Program Size: Code=39308 RO-data=94808 RW-data=240 ZI-data=55392  
".\OUTPUT\MicroSD.axf" - 0 Error(s), 61 Warning(s).
Load "D:\\rtt\\wav_stm32f\\ourdev_629509BWNLMV_20171103\\OOPY_MUSIC_PLAYER_PCM1793_003\\OUTPUT\\MicroSD.axf" 
Set JLink Project File to "D:\rtt\wav_stm32f\ourdev_629509BWNLMV_20171103\OOPY_MUSIC_PLAYER_PCM1793_003\JLinkSettings.ini"
* JLink Info: Device "STM32F103ZE" selected.
 
JLink info:
------------
DLL: V6.14b, compiled Mar  9 2017 08:46:04
Firmware: J-Link ARM V8 compiled Jan 31 2018 18:34:52
Hardware: V8.00
S/N : 20140913 
Feature(s) : RDI,FlashDL,FlashBP,JFlash,GDBFULL 
 
* JLink Info: TotalIRLen = 9, IRPrint = 0x0011
* JLink Info: TotalIRLen = 9, IRPrint = 0x0011
* JLink Info: AP-IDR: 0x14770011, Type: AHB-AP
* JLink Info: AHB-AP ROM: 0xE00FF000 (Base addr. of first ROM table)
* JLink Info: Found Cortex-M3 r1p1, Little endian.
* JLink Info: FPUnit: 6 code (BP) slots and 2 literal slots
* JLink Info: CoreSight components:
* JLink Info: ROMTbl 0 @ E00FF000
* JLink Info: ROMTbl 0 [0]: FFF0F000, CID: B105E00D, PID: 001BB000 SCS
* JLink Info: ROMTbl 0 [1]: FFF02000, CID: B105E00D, PID: 001BB002 DWT
* JLink Info: ROMTbl 0 [2]: FFF03000, CID: B105E00D, PID: 000BB003 FPB
* JLink Info: ROMTbl 0 [3]: FFF01000, CID: B105E00D, PID: 001BB001 ITM
* JLink Info: ROMTbl 0 [4]: FFF41000, CID: B105900D, PID: 001BB923 TPIU-Lite
* JLink Info: ROMTbl 0 [5]: FFF42000, CID: B105900D, PID: 101BB924 ETM-M3
ROMTableAddr = 0xE00FF003
 
Target info:
------------
Device: STM32F103ZE
VTarget = 3.325V
State of Pins: 
TCK: 1, TDI: 0, TDO: 1, TMS: 0, TRES: 1, TRST: 1
Hardware-Breakpoints: 6
Software-Breakpoints: 8192
Watchpoints:          4
JTAG speed: 2000 kHz
 
Erase Done.
Programming Done.
Verify OK.
