ARM Linker, 5.03 [Build 76] [MDK-ARM Professional]

==============================================================================

Section Cross References

    main.o(i.ADC_Config) refers to stm32f10x_rcc.o(i.RCC_APB2PeriphClockCmd) for RCC_APB2PeriphClockCmd
    main.o(i.ADC_Config) refers to main.o(i.ADC_GPIO_Config) for ADC_GPIO_Config
    main.o(i.ADC_Config) refers to stm32f10x_adc.o(i.ADC_StructInit) for ADC_StructInit
    main.o(i.ADC_Config) refers to stm32f10x_adc.o(i.ADC_Init) for ADC_Init
    main.o(i.ADC_Config) refers to stm32f10x_adc.o(i.ADC_RegularChannelConfig) for ADC_RegularChannelConfig
    main.o(i.ADC_Config) refers to stm32f10x_adc.o(i.ADC_Cmd) for ADC_Cmd
    main.o(i.ADC_Config) refers to stm32f10x_adc.o(i.ADC_ResetCalibration) for ADC_ResetCalibration
    main.o(i.ADC_Config) refers to stm32f10x_adc.o(i.ADC_GetResetCalibrationStatus) for ADC_GetResetCalibrationStatus
    main.o(i.ADC_Config) refers to stm32f10x_adc.o(i.ADC_StartCalibration) for ADC_StartCalibration
    main.o(i.ADC_Config) refers to stm32f10x_adc.o(i.ADC_GetCalibrationStatus) for ADC_GetCalibrationStatus
    main.o(i.ADC_GPIO_Config) refers to stm32f10x_gpio.o(i.GPIO_StructInit) for GPIO_StructInit
    main.o(i.ADC_GPIO_Config) refers to stm32f10x_gpio.o(i.GPIO_Init) for GPIO_Init
    main.o(i.Check_And_Find_Place_For_Random_List) refers to rand.o(.text) for rand
    main.o(i.Check_And_Find_Place_For_Random_List) refers to main.o(.bss) for .bss
    main.o(i.Delay_10Ms) refers to stm32f10x_it.o(.data) for counter_100hz
    main.o(i.Find_File_LFN) refers to ff.o(i.f_opendir) for f_opendir
    main.o(i.Find_File_LFN) refers to ff.o(i.f_readdir) for f_readdir
    main.o(i.Find_File_LFN) refers to main.o(.data) for .data
    main.o(i.Find_File_LFN) refers to main.o(.bss) for .bss
    main.o(i.Generate_Random_List) refers to memseta.o(.text) for __aeabi_memclr
    main.o(i.Generate_Random_List) refers to main.o(i.GetSrandSeed) for GetSrandSeed
    main.o(i.Generate_Random_List) refers to main.o(i.Check_And_Find_Place_For_Random_List) for Check_And_Find_Place_For_Random_List
    main.o(i.Generate_Random_List) refers to main.o(.bss) for .bss
    main.o(i.Generate_Random_List) refers to main.o(.data) for .data
    main.o(i.GetSrandSeed) refers to stm32f10x_adc.o(i.ADC_SoftwareStartConvCmd) for ADC_SoftwareStartConvCmd
    main.o(i.GetSrandSeed) refers to stm32f10x_adc.o(i.ADC_GetFlagStatus) for ADC_GetFlagStatus
    main.o(i.GetSrandSeed) refers to stm32f10x_adc.o(i.ADC_GetConversionValue) for ADC_GetConversionValue
    main.o(i.GetSrandSeed) refers to main.o(i.delay_ms) for delay_ms
    main.o(i.GetSrandSeed) refers to rand.o(.text) for srand
    main.o(i.Get_Dir_LFN) refers to ff.o(i.f_opendir) for f_opendir
    main.o(i.Get_Dir_LFN) refers to ff.o(i.f_readdir) for f_readdir
    main.o(i.Get_Dir_LFN) refers to strncmp.o(.text) for strncmp
    main.o(i.Get_Dir_LFN) refers to main.o(.data) for .data
    main.o(i.Get_Dir_LFN) refers to main.o(.bss) for .bss
    main.o(i.Get_Dir_LFN) refers to ff.o(.bss) for Lfn_Unicode
    main.o(i.Halt) refers to tft_otm3225.o(i.LCD_Txt_Clear) for LCD_Txt_Clear
    main.o(i.Halt) refers to tft_otm3225.o(i.LCD_Txt_Set_Color) for LCD_Txt_Set_Color
    main.o(i.Halt) refers to tft_otm3225.o(i.LCD_Txt_Set_YX) for LCD_Txt_Set_YX
    main.o(i.Halt) refers to tft_otm3225.o(i.LCD_Txt_Puts) for LCD_Txt_Puts
    main.o(i.Halt) refers to tft_otm3225.o(i.LCD_Txt_Display) for LCD_Txt_Display
    main.o(i.I2S_Config) refers to stm32f10x_rcc.o(i.RCC_APB1PeriphClockCmd) for RCC_APB1PeriphClockCmd
    main.o(i.I2S_Config) refers to main.o(i.I2S_GPIO_config) for I2S_GPIO_config
    main.o(i.I2S_Config) refers to stm32f10x_spi.o(i.I2S_Init) for I2S_Init
    main.o(i.I2S_Config) refers to stm32f10x_spi.o(i.SPI_I2S_ITConfig) for SPI_I2S_ITConfig
    main.o(i.I2S_GPIO_config) refers to stm32f10x_gpio.o(i.GPIO_Init) for GPIO_Init
    main.o(i.I2S_GPIO_config) refers to stm32f10x_rcc.o(i.RCC_APB2PeriphClockCmd) for RCC_APB2PeriphClockCmd
    main.o(i.I2S_SetFreq) refers to stm32f10x_spi.o(i.SPI_Cmd) for SPI_Cmd
    main.o(i.I2S_SetFreq) refers to main.o(i.SPI1_GPIOA6_Reset) for SPI1_GPIOA6_Reset
    main.o(i.I2S_SetFreq) refers to stm32f10x_rcc.o(i.RCC_APB1PeriphClockCmd) for RCC_APB1PeriphClockCmd
    main.o(i.I2S_SetFreq) refers to main.o(i.I2S_GPIO_config) for I2S_GPIO_config
    main.o(i.I2S_SetFreq) refers to stm32f10x_spi.o(i.I2S_Init) for I2S_Init
    main.o(i.IsFlacName) refers to strncpy.o(.text) for strncpy
    main.o(i.IsMp3Name) refers to strncpy.o(.text) for strncpy
    main.o(i.IsWavName) refers to strncpy.o(.text) for strncpy
    main.o(i.Key_Config) refers to stm32f10x_rcc.o(i.RCC_APB2PeriphClockCmd) for RCC_APB2PeriphClockCmd
    main.o(i.Key_Config) refers to stm32f10x_gpio.o(i.GPIO_Init) for GPIO_Init
    main.o(i.LCD_Color_Show) refers to tft_otm3225.o(i.LCD_Set_Area) for LCD_Set_Area
    main.o(i.LCD_Color_Show) refers to tft_otm3225.o(i.LCD_Clear_Screen) for LCD_Clear_Screen
[...]

    Global Symbols

    Symbol Name                              Value     Ov Type        Size  Object(Section)

    BuildAttributes$$THM_ISAv4$P$D$K$B$S$PE$A:L22UL41UL21$X:L11$S22US41US21$IEEE1$IW$USESV6$~STKCKD$USESV7$~SHL$OSPACE$ROPI$EBA8$MICROLIB$REQ8$PRES8$EABIv2 0x00000000   Number         0  anon$$obj.o ABSOLUTE
    __ARM_use_no_argv                        0x00000000   Number         0  main.o ABSOLUTE
    _printf_a                                0x00000000   Number         0  stubs.o ABSOLUTE
    _printf_c                                0x00000000   Number         0  stubs.o ABSOLUTE
    _printf_charcount                        0x00000000   Number         0  stubs.o ABSOLUTE
    _printf_d                                0x00000000   Number         0  stubs.o ABSOLUTE
    _printf_e                                0x00000000   Number         0  stubs.o ABSOLUTE
    _printf_f                                0x00000000   Number         0  stubs.o ABSOLUTE
    _printf_flags                            0x00000000   Number         0  stubs.o ABSOLUTE
    _printf_fp_dec                           0x00000000   Number         0  stubs.o ABSOLUTE
    _printf_fp_hex                           0x00000000   Number         0  stubs.o ABSOLUTE
    _printf_g                                0x00000000   Number         0  stubs.o ABSOLUTE
    _printf_i                                0x00000000   Number         0  stubs.o ABSOLUTE
    _printf_int_dec                          0x00000000   Number         0  stubs.o ABSOLUTE
    _printf_l                                0x00000000   Number         0  stubs.o ABSOLUTE
    _printf_lc                               0x00000000   Number         0  stubs.o ABSOLUTE
    _printf_ll                               0x00000000   Number         0  stubs.o ABSOLUTE
    _printf_lld                              0x00000000   Number         0  stubs.o ABSOLUTE
    _printf_lli                              0x00000000   Number         0  stubs.o ABSOLUTE
    _printf_llo                              0x00000000   Number         0  stubs.o ABSOLUTE
    _printf_llu                              0x00000000   Number         0  stubs.o ABSOLUTE
    _printf_llx                              0x00000000   Number         0  stubs.o ABSOLUTE
    _printf_longlong_dec                     0x00000000   Number         0  stubs.o ABSOLUTE
    _printf_longlong_hex                     0x00000000   Number         0  stubs.o ABSOLUTE
    _printf_longlong_oct                     0x00000000   Number         0  stubs.o ABSOLUTE
    _printf_ls                               0x00000000   Number         0  stubs.o ABSOLUTE
    _printf_mbtowc                           0x00000000   Number         0  stubs.o ABSOLUTE
    _printf_n                                0x00000000   Number         0  stubs.o ABSOLUTE
    _printf_o                                0x00000000   Number         0  stubs.o ABSOLUTE
    _printf_p                                0x00000000   Number         0  stubs.o ABSOLUTE
    _printf_percent                          0x00000000   Number         0  stubs.o ABSOLUTE
    _printf_pre_padding                      0x00000000   Number         0  stubs.o ABSOLUTE
    _printf_return_value                     0x00000000   Number         0  stubs.o ABSOLUTE
    _printf_s                                0x00000000   Number         0  stubs.o ABSOLUTE
    _printf_sizespec                         0x00000000   Number         0  stubs.o ABSOLUTE
    _printf_str                              0x00000000   Number         0  stubs.o ABSOLUTE
    _printf_truncate_signed                  0x00000000   Number         0  stubs.o ABSOLUTE
    _printf_truncate_unsigned                0x00000000   Number         0  stubs.o ABSOLUTE
    _printf_u                                0x00000000   Number         0  stubs.o ABSOLUTE
    _printf_wc                               0x00000000   Number         0  stubs.o ABSOLUTE
    _printf_wctomb                           0x00000000   Number         0  stubs.o ABSOLUTE
    _printf_widthprec                        0x00000000   Number         0  stubs.o ABSOLUTE
    _printf_x                                0x00000000   Number         0  stubs.o ABSOLUTE
    __cpp_initialize__aeabi_                  - Undefined Weak Reference
    __cxa_finalize                            - Undefined Weak Reference
    __decompress                              - Undefined Weak Reference
    _clock_init                               - Undefined Weak Reference
    _microlib_exit                            - Undefined Weak Reference
    __Vectors                                0x08000000   Data           4  stm32f10x_vector.o(RESET)
    __main                                   0x08000131   Thumb Code     0  entry.o(.ARM.Collect$$$$00000000)
    _main_stk                                0x08000131   Thumb Code     0  entry2.o(.ARM.Collect$$$$00000001)
    _main_scatterload                        0x08000135   Thumb Code     0  entry5.o(.ARM.Collect$$$$00000004)
    __main_after_scatterload                 0x08000139   Thumb Code     0  entry5.o(.ARM.Collect$$$$00000004)
    _main_clock                              0x08000139   Thumb Code     0  entry7b.o(.ARM.Collect$$$$00000008)
    _main_cpp_init                           0x08000139   Thumb Code     0  entry8b.o(.ARM.Collect$$$$0000000A)
    _main_init                               0x08000139   Thumb Code     0  entry9a.o(.ARM.Collect$$$$0000000B)
    __rt_final_cpp                           0x08000141   Thumb Code     0  entry10a.o(.ARM.Collect$$$$0000000D)
    __rt_final_exit                          0x08000141   Thumb Code     0  entry11a.o(.ARM.Collect$$$$0000000F)
    Reset_Handler                            0x08000145   Thumb Code     4  stm32f10x_vector.o(.text)
    __aeabi_lasr                             0x0800014d   Thumb Code    36  llsshr.o(.text)
    _ll_sshift_r                             0x0800014d   Thumb Code     0  llsshr.o(.text)
    rand                                     0x08000171   Thumb Code    20  rand.o(.text)
    srand                                    0x08000185   Thumb Code     6  rand.o(.text)
    __aeabi_memcpy                           0x08000195   Thumb Code    36  memcpya.o(.text)
    __aeabi_memcpy4                          0x08000195   Thumb Code     0  memcpya.o(.text)
    __aeabi_memcpy8                          0x08000195   Thumb Code     0  memcpya.o(.text)
    __aeabi_memset                           0x080001b9   Thumb Code    14  memseta.o(.text)
    __aeabi_memset4                          0x080001b9   Thumb Code     0  memseta.o(.text)
    __aeabi_memset8                          0x080001b9   Thumb Code     0  memseta.o(.text)
    __aeabi_memclr                           0x080001c7   Thumb Code     4  memseta.o(.text)
    __aeabi_memclr4                          0x080001c7   Thumb Code     0  memseta.o(.text)
    __aeabi_memclr8                          0x080001c7   Thumb Code     0  memseta.o(.text)
    _memset$wrapper                          0x080001cb   Thumb Code    18  memseta.o(.text)
    strcat                                   0x080001dd   Thumb Code    24  strcat.o(.text)
    strncpy                                  0x080001f5   Thumb Code    24  strncpy.o(.text)
    memcmp                                   0x0800020d   Thumb Code    26  memcmp.o(.text)
    strncat                                  0x08000227   Thumb Code    40  strncat.o(.text)
    strcpy                                   0x0800024f   Thumb Code    18  strcpy.o(.text)
    strncmp                                  0x08000261   Thumb Code    30  strncmp.o(.text)
    __aeabi_uidiv                            0x0800027f   Thumb Code     0  uidiv.o(.text)
    __aeabi_uidivmod                         0x0800027f   Thumb Code    44  uidiv.o(.text)
    __aeabi_uldivmod                         0x080002ab   Thumb Code    98  uldiv.o(.text)
    __I$use$fp                               0x0800030d   Thumb Code     0  iusefp.o(.text)
    __aeabi_dadd                             0x0800030d   Thumb Code   322  dadd.o(.text)
    __aeabi_dsub                             0x0800044f   Thumb Code     6  dadd.o(.text)
    __aeabi_drsub                            0x08000455   Thumb Code     6  dadd.o(.text)
    __aeabi_dmul                             0x0800045b   Thumb Code   228  dmul.o(.text)
    __aeabi_ddiv                             0x0800053f   Thumb Code   222  ddiv.o(.text)
    __aeabi_d2ulz                            0x0800061d   Thumb Code    48  dfixul.o(.text)
    __aeabi_cdrcmple                         0x0800064d   Thumb Code    38  cdrcmple.o(.text)
    __scatterload                            0x08000675   Thumb Code    28  init.o(.text)
    __scatterload_rt2                        0x08000675   Thumb Code     0  init.o(.text)
    __aeabi_llsl                             0x08000699   Thumb Code    30  llshl.o(.text)
    _ll_shift_l                              0x08000699   Thumb Code     0  llshl.o(.text)
    __aeabi_llsr                             0x080006b7   Thumb Code    32  llushr.o(.text)
    _ll_ushift_r                             0x080006b7   Thumb Code     0  llushr.o(.text)
    _double_round                            0x080006d7   Thumb Code    26  depilogue.o(.text)
    _double_epilogue                         0x080006f1   Thumb Code   164  depilogue.o(.text)
    ADC1_2_IRQHandler                        0x08000795   Thumb Code     2  stm32f10x_it.o(i.ADC1_2_IRQHandler)
    ADC3_IRQHandler                          0x08000797   Thumb Code     2  stm32f10x_it.o(i.ADC3_IRQHandler)
    ADC_Cmd                                  0x08000799   Thumb Code    20  stm32f10x_adc.o(i.ADC_Cmd)
    ADC_Config                               0x080007ad   Thumb Code   114  main.o(i.ADC_Config)
    ADC_GPIO_Config                          0x08000825   Thumb Code    30  main.o(i.ADC_GPIO_Config)
    ADC_GetCalibrationStatus                 0x08000849   Thumb Code    14  stm32f10x_adc.o(i.ADC_GetCalibrationStatus)
    ADC_GetConversionValue                   0x08000857   Thumb Code     6  stm32f10x_adc.o(i.ADC_GetConversionValue)
    ADC_GetFlagStatus                        0x0800085d   Thumb Code    14  stm32f10x_adc.o(i.ADC_GetFlagStatus)
    ADC_GetResetCalibrationStatus            0x0800086b   Thumb Code    14  stm32f10x_adc.o(i.ADC_GetResetCalibrationStatus)
    ADC_Init                                 0x08000879   Thumb Code    62  stm32f10x_adc.o(i.ADC_Init)
    ADC_RegularChannelConfig                 0x080008c1   Thumb Code   116  stm32f10x_adc.o(i.ADC_RegularChannelConfig)
    ADC_ResetCalibration                     0x08000935   Thumb Code    10  stm32f10x_adc.o(i.ADC_ResetCalibration)
    ADC_SoftwareStartConvCmd                 0x0800093f   Thumb Code    20  stm32f10x_adc.o(i.ADC_SoftwareStartConvCmd)
    ADC_StartCalibration                     0x08000953   Thumb Code    10  stm32f10x_adc.o(i.ADC_StartCalibration)
    ADC_StructInit                           0x0800095d   Thumb Code    18  stm32f10x_adc.o(i.ADC_StructInit)
    BusFaultException                        0x0800096f   Thumb Code     2  stm32f10x_it.o(i.BusFaultException)
    CAN_RX1_IRQHandler                       0x08000971   Thumb Code     2  stm32f10x_it.o(i.CAN_RX1_IRQHandler)
    CAN_SCE_IRQHandler                       0x08000973   Thumb Code     2  stm32f10x_it.o(i.CAN_SCE_IRQHandler)
    Check_And_Find_Place_For_Random_List     0x08000975   Thumb Code    52  main.o(i.Check_And_Find_Place_For_Random_List)
    ClearKey                                 0x080009ad   Thumb Code    26  stm32f10x_it.o(i.ClearKey)
    DMA1_Channel1_IRQHandler                 0x08000b59   Thumb Code     2  stm32f10x_it.o(i.DMA1_Channel1_IRQHandler)
    DMA1_Channel2_IRQHandler                 0x08000b5b   Thumb Code     2  stm32f10x_it.o(i.DMA1_Channel2_IRQHandler)
    DMA1_Channel3_IRQHandler                 0x08000b5d   Thumb Code     2  stm32f10x_it.o(i.DMA1_Channel3_IRQHandler)
    DMA1_Channel4_IRQHandler                 0x08000b5f   Thumb Code     2  stm32f10x_it.o(i.DMA1_Channel4_IRQHandler)
    DMA1_Channel5_IRQHandler                 0x08000b61   Thumb Code     2  stm32f10x_it.o(i.DMA1_Channel5_IRQHandler)
    DMA1_Channel6_IRQHandler                 0x08000b63   Thumb Code     2  stm32f10x_it.o(i.DMA1_Channel6_IRQHandler)
    DMA1_Channel7_IRQHandler                 0x08000b65   Thumb Code     2  stm32f10x_it.o(i.DMA1_Channel7_IRQHandler)
    DMA2_Channel1_IRQHandler                 0x08000b67   Thumb Code     2  stm32f10x_it.o(i.DMA2_Channel1_IRQHandler)
    DMA2_Channel2_IRQHandler                 0x08000b69   Thumb Code     2  stm32f10x_it.o(i.DMA2_Channel2_IRQHandler)
    DMA2_Channel3_IRQHandler                 0x08000b6b   Thumb Code     2  stm32f10x_it.o(i.DMA2_Channel3_IRQHandler)
    DMA2_Channel4_5_IRQHandler               0x08000b6d   Thumb Code     2  stm32f10x_it.o(i.DMA2_Channel4_5_IRQHandler)
    DMA_ClearFlag                            0x08000b71   Thumb Code    16  stm32f10x_dma.o(i.DMA_ClearFlag)
    DMA_Cmd                                  0x08000b89   Thumb Code    20  stm32f10x_dma.o(i.DMA_Cmd)
    DMA_GetFlagStatus                        0x08000b9d   Thumb Code    24  stm32f10x_dma.o(i.DMA_GetFlagStatus)
    DMA_Init                                 0x08000bbd   Thumb Code    58  stm32f10x_dma.o(i.DMA_Init)
    DebugMonitor                             0x08000cb5   Thumb Code     2  stm32f10x_it.o(i.DebugMonitor)
    DumpWavHead                              0x08000cb9   Thumb Code   134  wavplay.o(i.DumpWavHead)
    EXTI0_IRQHandler                         0x08000dcd   Thumb Code     2  stm32f10x_it.o(i.EXTI0_IRQHandler)
    EXTI15_10_IRQHandler                     0x08000dcf   Thumb Code     2  stm32f10x_it.o(i.EXTI15_10_IRQHandler)
    EXTI1_IRQHandler                         0x08000dd1   Thumb Code     2  stm32f10x_it.o(i.EXTI1_IRQHandler)
    EXTI2_IRQHandler                         0x08000dd3   Thumb Code     2  stm32f10x_it.o(i.EXTI2_IRQHandler)
    EXTI3_IRQHandler                         0x08000dd5   Thumb Code     2  stm32f10x_it.o(i.EXTI3_IRQHandler)
    EXTI4_IRQHandler                         0x08000dd7   Thumb Code     2  stm32f10x_it.o(i.EXTI4_IRQHandler)
    EXTI9_5_IRQHandler                       0x08000dd9   Thumb Code     2  stm32f10x_it.o(i.EXTI9_5_IRQHandler)
    FLACPLAY_Check_PCM_Buf_And_Refill        0x08000ddd   Thumb Code    72  flacplay.o(i.FLACPLAY_Check_PCM_Buf_And_Refill)
    FLACPLAY_Fill_PCM_Buf                    0x08000e29   Thumb Code    82  flacplay.o(i.FLACPLAY_Fill_PCM_Buf)
    FLACPLAY_TimeUpdate                      0x08000e91   Thumb Code   402  flacplay.o(i.FLACPLAY_TimeUpdate)
    FLAC_INIT                                0x08001031   Thumb Code   410  flacplay.o(i.FLAC_INIT)
    FLASH_IRQHandler                         0x080011d5   Thumb Code     2  stm32f10x_it.o(i.FLASH_IRQHandler)
    FLASH_PrefetchBufferCmd                  0x080011d9   Thumb Code    18  stm32f10x_flash.o(i.FLASH_PrefetchBufferCmd)
    FLASH_SetLatency                         0x080011f1   Thumb Code    18  stm32f10x_flash.o(i.FLASH_SetLatency)
    FSMC_IRQHandler                          0x08001209   Thumb Code     2  stm32f10x_it.o(i.FSMC_IRQHandler)
    FSMC_LCD_Init                            0x0800120d   Thumb Code   240  fsmc_lcd.o(i.FSMC_LCD_Init)
    FSMC_NORSRAMCmd                          0x0800130d   Thumb Code    28  stm32f10x_fsmc.o(i.FSMC_NORSRAMCmd)
    FSMC_NORSRAMInit                         0x0800132d   Thumb Code   188  stm32f10x_fsmc.o(i.FSMC_NORSRAMInit)
    Find_File_LFN                            0x08001529   Thumb Code    66  main.o(i.Find_File_LFN)
    GPIO_Init                                0x08001581   Thumb Code   152  stm32f10x_gpio.o(i.GPIO_Init)
    GPIO_ResetBits                           0x08001619   Thumb Code     4  stm32f10x_gpio.o(i.GPIO_ResetBits)
    GPIO_SetBits                             0x0800161d   Thumb Code     4  stm32f10x_gpio.o(i.GPIO_SetBits)
    GPIO_StructInit                          0x08001621   Thumb Code    16  stm32f10x_gpio.o(i.GPIO_StructInit)
    Generate_Random_List                     0x08001631   Thumb Code   114  main.o(i.Generate_Random_List)
    GetSrandSeed                             0x080016ad   Thumb Code    70  main.o(i.GetSrandSeed)
    Get_Dir_LFN                              0x080016f9   Thumb Code   152  main.o(i.Get_Dir_LFN)
    Get_One_Block                            0x080017a5   Thumb Code   114  flacplay.o(i.Get_One_Block)
    Get_PCM_Buf                              0x0800181d   Thumb Code   332  flacplay.o(i.Get_PCM_Buf)
    Halt                                     0x0800196d   Thumb Code    38  main.o(i.Halt)
    HardFaultException                       0x080019d1   Thumb Code     2  stm32f10x_it.o(i.HardFaultException)
    I2C1_ER_IRQHandler                       0x080019d3   Thumb Code     2  stm32f10x_it.o(i.I2C1_ER_IRQHandler)
    I2C1_EV_IRQHandler                       0x080019d5   Thumb Code     2  stm32f10x_it.o(i.I2C1_EV_IRQHandler)
    I2C2_ER_IRQHandler                       0x080019d7   Thumb Code     2  stm32f10x_it.o(i.I2C2_ER_IRQHandler)
    I2C2_EV_IRQHandler                       0x080019d9   Thumb Code     2  stm32f10x_it.o(i.I2C2_EV_IRQHandler)
    IsFlacName                               0x08001b31   Thumb Code    92  main.o(i.IsFlacName)
    IsMp3Name                                0x08001b8d   Thumb Code    88  main.o(i.IsMp3Name)
    IsWavName                                0x08001be5   Thumb Code    92  main.o(i.IsWavName)
    Key_Config                               0x08001c41   Thumb Code    72  main.o(i.Key_Config)
    LCD_BMP                                  0x08001c8d   Thumb Code    74  tft_otm3225.o(i.LCD_BMP)
    LCD_Bus_Initial                          0x08001cd9   Thumb Code    44  tft_otm3225.o(i.LCD_Bus_Initial)
    LCD_Clear_Screen                         0x08001d09   Thumb Code    38  tft_otm3225.o(i.LCD_Clear_Screen)
    LCD_Color_Show                           0x08001d2f   Thumb Code   124  main.o(i.LCD_Color_Show)
    LCD_Disp_Char                            0x08001dab   Thumb Code    18  tft_otm3225.o(i.LCD_Disp_Char)
    LCD_Disp_GB1616                          0x08001dbd   Thumb Code    32  tft_otm3225.o(i.LCD_Disp_GB1616)
    LCD_File_Bmp                             0x08001ddd   Thumb Code   104  tft_otm3225.o(i.LCD_File_Bmp)
    LCD_GPIO_Configuration                   0x08001e49   Thumb Code    38  tft_otm3225.o(i.LCD_GPIO_Configuration)
    LCD_Init                                 0x08001e75   Thumb Code   610  tft_otm3225.o(i.LCD_Init)
    LCD_Printf                               0x080020dd   Thumb Code   306  lcd_printf.o(i.LCD_Printf)
    LCD_PutChar                              0x08002211   Thumb Code    24  tft_otm3225.o(i.LCD_PutChar)
    LCD_PutChar8x16                          0x0800222d   Thumb Code    78  tft_otm3225.o(i.LCD_PutChar8x16)
    LCD_PutChar8x8                           0x08002281   Thumb Code    72  tft_otm3225.o(i.LCD_PutChar8x8)
    LCD_PutString                            0x080022cd   Thumb Code    68  tft_otm3225.o(i.LCD_PutString)
    LCD_Put_Width_GBK16                      0x08002311   Thumb Code    94  tft_otm3225.o(i.LCD_Put_Width_GBK16)
    LCD_Put_Width_Unis                       0x0800236f   Thumb Code   100  tft_otm3225.o(i.LCD_Put_Width_Unis)
    LCD_Rectangle                            0x080023d3   Thumb Code    56  tft_otm3225.o(i.LCD_Rectangle)
    LCD_Set_Area                             0x0800240b   Thumb Code    94  tft_otm3225.o(i.LCD_Set_Area)
    LCD_Set_Location                         0x08002469   Thumb Code    40  tft_otm3225.o(i.LCD_Set_Location)
    LCD_Txt_Clear                            0x08002491   Thumb Code    60  tft_otm3225.o(i.LCD_Txt_Clear)
    LCD_Txt_Display                          0x080024d5   Thumb Code   104  tft_otm3225.o(i.LCD_Txt_Display)
    LCD_Txt_PutGBc                           0x08002541   Thumb Code    42  tft_otm3225.o(i.LCD_Txt_PutGBc)
    LCD_Txt_Put_Num                          0x08002571   Thumb Code    88  tft_otm3225.o(i.LCD_Txt_Put_Num)
    LCD_Txt_Putc                             0x080025d5   Thumb Code   108  tft_otm3225.o(i.LCD_Txt_Putc)
    LCD_Txt_Puts                             0x0800264d   Thumb Code    16  tft_otm3225.o(i.LCD_Txt_Puts)
    LCD_Txt_Roll_Up                          0x08002661   Thumb Code    86  tft_otm3225.o(i.LCD_Txt_Roll_Up)
    LCD_Txt_Set_Color                        0x080026c1   Thumb Code     6  tft_otm3225.o(i.LCD_Txt_Set_Color)
    LCD_Txt_Set_YX                           0x080026cd   Thumb Code    16  tft_otm3225.o(i.LCD_Txt_Set_YX)
    LCD_Txt_n_Uns                            0x080026e1   Thumb Code    34  tft_otm3225.o(i.LCD_Txt_n_Uns)
    LCD_WRITE_CMD                            0x08002703   Thumb Code    12  tft_otm3225.o(i.LCD_WRITE_CMD)
    LCD_WRITE_DATA                           0x08002711   Thumb Code    10  tft_otm3225.o(i.LCD_WRITE_DATA)
    LoadWavHead                              0x08002721   Thumb Code   198  wavplay.o(i.LoadWavHead)
    Load_Dir_Files_List                      0x08002809   Thumb Code    72  main.o(i.Load_Dir_Files_List)
    MemManageException                       0x08002859   Thumb Code     2  stm32f10x_it.o(i.MemManageException)
    NMIException                             0x0800285b   Thumb Code     2  stm32f10x_it.o(i.NMIException)
    NVIC_Config                              0x0800285d   Thumb Code   106  main.o(i.NVIC_Config)
    NVIC_Init                                0x080028c9   Thumb Code   114  stm32f10x_nvic.o(i.NVIC_Init)
    NVIC_PriorityGroupConfig                 0x08002945   Thumb Code    10  stm32f10x_nvic.o(i.NVIC_PriorityGroupConfig)
    Open_File_System                         0x08002959   Thumb Code   234  main.o(i.Open_File_System)
    Open_Fonts_Files                         0x08002ac9   Thumb Code    86  main.o(i.Open_Fonts_Files)
    Open_Root_And_Find_Music_Files           0x08002ba9   Thumb Code   522  main.o(i.Open_Root_And_Find_Music_Files)
    PVD_IRQHandler                           0x08002e75   Thumb Code     2  stm32f10x_it.o(i.PVD_IRQHandler)
    PendSVC                                  0x08002e77   Thumb Code     2  stm32f10x_it.o(i.PendSVC)
    PutGB1616                                0x08002e79   Thumb Code   314  tft_otm3225.o(i.PutGB1616)
    RCC_AHBPeriphClockCmd                    0x08002fe5   Thumb Code    18  stm32f10x_rcc.o(i.RCC_AHBPeriphClockCmd)
    RCC_APB2PeriphClockCmd                   0x08002ffd   Thumb Code    18  stm32f10x_rcc.o(i.RCC_APB2PeriphClockCmd)
    RCC_Config                               0x08003015   Thumb Code   100  main.o(i.RCC_Config)
    RCC_DeInit                               0x08003079   Thumb Code    48  stm32f10x_rcc.o(i.RCC_DeInit)
    RCC_GetClocksFreq                        0x080030b5   Thumb Code   130  stm32f10x_rcc.o(i.RCC_GetClocksFreq)
    RCC_GetFlagStatus                        0x08003149   Thumb Code    42  stm32f10x_rcc.o(i.RCC_GetFlagStatus)
    RCC_GetSYSCLKSource                      0x08003179   Thumb Code    10  stm32f10x_rcc.o(i.RCC_GetSYSCLKSource)
    RCC_HCLKConfig                           0x08003189   Thumb Code    14  stm32f10x_rcc.o(i.RCC_HCLKConfig)
    RCC_HSEConfig                            0x0800319d   Thumb Code    48  stm32f10x_rcc.o(i.RCC_HSEConfig)
    RCC_IRQHandler                           0x080031d1   Thumb Code     2  stm32f10x_it.o(i.RCC_IRQHandler)
    RCC_MCOConfig                            0x080031d5   Thumb Code     6  stm32f10x_rcc.o(i.RCC_MCOConfig)
    RCC_PCLK1Config                          0x080031e1   Thumb Code    14  stm32f10x_rcc.o(i.RCC_PCLK1Config)
    RCC_PCLK2Config                          0x080031f5   Thumb Code    16  stm32f10x_rcc.o(i.RCC_PCLK2Config)
    RCC_PLLCmd                               0x08003209   Thumb Code     6  stm32f10x_rcc.o(i.RCC_PLLCmd)
    RCC_PLLConfig                            0x08003215   Thumb Code    16  stm32f10x_rcc.o(i.RCC_PLLConfig)
    RCC_SYSCLKConfig                         0x08003229   Thumb Code    14  stm32f10x_rcc.o(i.RCC_SYSCLKConfig)
    RCC_WaitForHSEStartUp                    0x0800323d   Thumb Code    42  stm32f10x_rcc.o(i.RCC_WaitForHSEStartUp)
    RTCAlarm_IRQHandler                      0x08003267   Thumb Code     2  stm32f10x_it.o(i.RTCAlarm_IRQHandler)
    RTC_IRQHandler                           0x08003269   Thumb Code     2  stm32f10x_it.o(i.RTC_IRQHandler)
    Random_File_List_Next                    0x0800326d   Thumb Code   112  main.o(i.Random_File_List_Next)
    Random_File_List_Previous                0x080032e5   Thumb Code    88  main.o(i.Random_File_List_Previous)
    Random_List_Seek_To_Current_File         0x08003345   Thumb Code    64  main.o(i.Random_List_Seek_To_Current_File)
    SDIO_ClearFlag                           0x0800344d   Thumb Code     6  stm32f10x_sdio.o(i.SDIO_ClearFlag)
    SDIO_ClearITPendingBit                   0x08003459   Thumb Code     6  stm32f10x_sdio.o(i.SDIO_ClearITPendingBit)
    SDIO_ClockCmd                            0x08003465   Thumb Code     6  stm32f10x_sdio.o(i.SDIO_ClockCmd)
    SDIO_DMACmd                              0x08003471   Thumb Code     6  stm32f10x_sdio.o(i.SDIO_DMACmd)
    SDIO_DataConfig                          0x0800347d   Thumb Code    38  stm32f10x_sdio.o(i.SDIO_DataConfig)
    SDIO_DeInit                              0x080034a9   Thumb Code    26  stm32f10x_sdio.o(i.SDIO_DeInit)
    SDIO_GetCommandResponse                  0x080034cd   Thumb Code     8  stm32f10x_sdio.o(i.SDIO_GetCommandResponse)
    SDIO_GetFlagStatus                       0x080034d9   Thumb Code    16  stm32f10x_sdio.o(i.SDIO_GetFlagStatus)
    SDIO_GetITStatus                         0x080034ed   Thumb Code    16  stm32f10x_sdio.o(i.SDIO_GetITStatus)
    SDIO_GetPowerState                       0x08003501   Thumb Code    10  stm32f10x_sdio.o(i.SDIO_GetPowerState)
    SDIO_GetResponse                         0x08003511   Thumb Code     8  stm32f10x_sdio.o(i.SDIO_GetResponse)
    SDIO_IRQHandler                          0x0800351d   Thumb Code     4  stm32f10x_it.o(i.SDIO_IRQHandler)
    SDIO_ITConfig                            0x08003521   Thumb Code    18  stm32f10x_sdio.o(i.SDIO_ITConfig)
    SDIO_Init                                0x08003539   Thumb Code    40  stm32f10x_sdio.o(i.SDIO_Init)
    SDIO_ReadData                            0x08003565   Thumb Code     6  stm32f10x_sdio.o(i.SDIO_ReadData)
    SDIO_SendCommand                         0x08003571   Thumb Code    34  stm32f10x_sdio.o(i.SDIO_SendCommand)
    SDIO_SetPowerState                       0x08003599   Thumb Code    18  stm32f10x_sdio.o(i.SDIO_SetPowerState)
    SDIO_WriteData                           0x080035b1   Thumb Code     6  stm32f10x_sdio.o(i.SDIO_WriteData)
    SD_EnableWideBusOperation                0x080035bd   Thumb Code   128  sdcard.o(i.SD_EnableWideBusOperation)
    SD_GetCardInfo                           0x08003649   Thumb Code   582  sdcard.o(i.SD_GetCardInfo)
    SD_Init                                  0x08003899   Thumb Code   172  sdcard.o(i.SD_Init)
    SD_InitializeCards                       0x08003959   Thumb Code   256  sdcard.o(i.SD_InitializeCards)
    SD_PowerON                               0x08003a61   Thumb Code   470  sdcard.o(i.SD_PowerON)
    SD_ProcessIRQSrc                         0x08003c49   Thumb Code   404  sdcard.o(i.SD_ProcessIRQSrc)
    SD_ReadBlock                             0x08003de1   Thumb Code   494  sdcard.o(i.SD_ReadBlock)
    SD_ReadMultiBlocks                       0x08003fe5   Thumb Code   588  sdcard.o(i.SD_ReadMultiBlocks)
    SD_SelectDeselect                        0x08004245   Thumb Code    40  sdcard.o(i.SD_SelectDeselect)
    SD_SetDeviceMode                         0x08004271   Thumb Code    24  sdcard.o(i.SD_SetDeviceMode)
    SD_StopTransfer                          0x0800428d   Thumb Code    36  sdcard.o(i.SD_StopTransfer)
    SD_WriteBlock                            0x080042b5   Thumb Code   674  sdcard.o(i.SD_WriteBlock)
    SD_WriteMultiBlocks                      0x0800456d   Thumb Code   754  sdcard.o(i.SD_WriteMultiBlocks)
    SPI1_Config                              0x08004875   Thumb Code    88  main.o(i.SPI1_Config)
    SPI1_GPIOA6_Reset                        0x080048d1   Thumb Code    36  main.o(i.SPI1_GPIOA6_Reset)
    SPI1_GPIO_config                         0x080048f9   Thumb Code    86  main.o(i.SPI1_GPIO_config)
    SPI1_IRQHandler                          0x08004959   Thumb Code   178  stm32f10x_it.o(i.SPI1_IRQHandler)
    SPI2_IRQHandler                          0x08004a25   Thumb Code   180  stm32f10x_it.o(i.SPI2_IRQHandler)
    SPI3_IRQHandler                          0x08004af1   Thumb Code     2  stm32f10x_it.o(i.SPI3_IRQHandler)
    SPI_Cmd                                  0x08004af3   Thumb Code    20  stm32f10x_spi.o(i.SPI_Cmd)
    SPI_I2S_ITConfig                         0x08004b07   Thumb Code    24  stm32f10x_spi.o(i.SPI_I2S_ITConfig)
    SPI_Init                                 0x08004b1f   Thumb Code    56  stm32f10x_spi.o(i.SPI_Init)
    SVCHandler                               0x08004b57   Thumb Code     2  stm32f10x_it.o(i.SVCHandler)
    SearchMusicFilesNumInDir                 0x08004b59   Thumb Code   138  main.o(i.SearchMusicFilesNumInDir)
    Search_Music_Files_In_Dir                0x08004bf1   Thumb Code   260  main.o(i.Search_Music_Files_In_Dir)
    Select                                   0x08004d19   Thumb Code    40  main.o(i.Select)
    SelectAlbum                              0x08004d45   Thumb Code  1184  main.o(i.SelectAlbum)
    SelectTrack                              0x080051ed   Thumb Code  1202  main.o(i.SelectTrack)
    ShowDirItem                              0x080056a5   Thumb Code    76  main.o(i.ShowDirItem)
    ShowFilesInfoItem                        0x080056f9   Thumb Code    76  main.o(i.ShowFilesInfoItem)
    Show_Info                                0x0800574d   Thumb Code   348  main.o(i.Show_Info)
    Show_Logo                                0x0800597d   Thumb Code    28  main.o(i.Show_Logo)
    Sort_Filename                            0x080059a1   Thumb Code   200  main.o(i.Sort_Filename)
    SysTickHandler                           0x08005a79   Thumb Code     2  stm32f10x_it.o(i.SysTickHandler)
    TAMPER_IRQHandler                        0x08005a7b   Thumb Code     2  stm32f10x_it.o(i.TAMPER_IRQHandler)
    TIM1_BRK_IRQHandler                      0x08005a7d   Thumb Code     2  stm32f10x_it.o(i.TIM1_BRK_IRQHandler)
    TIM1_CC_IRQHandler                       0x08005a7f   Thumb Code     2  stm32f10x_it.o(i.TIM1_CC_IRQHandler)
    TIM1_TRG_COM_IRQHandler                  0x08005a81   Thumb Code     2  stm32f10x_it.o(i.TIM1_TRG_COM_IRQHandler)
    TIM1_UP_IRQHandler                       0x08005a83   Thumb Code     2  stm32f10x_it.o(i.TIM1_UP_IRQHandler)
    TIM2_IRQHandler                          0x08005a85   Thumb Code     2  stm32f10x_it.o(i.TIM2_IRQHandler)
    TIM3_IRQHandler                          0x08005a89   Thumb Code   282  stm32f10x_it.o(i.TIM3_IRQHandler)
    TIM4_IRQHandler                          0x08005bb1   Thumb Code     2  stm32f10x_it.o(i.TIM4_IRQHandler)
    TIM5_IRQHandler                          0x08005bb3   Thumb Code     2  stm32f10x_it.o(i.TIM5_IRQHandler)
    TIM6_IRQHandler                          0x08005bb5   Thumb Code     2  stm32f10x_it.o(i.TIM6_IRQHandler)
    TIM7_IRQHandler                          0x08005bb7   Thumb Code     2  stm32f10x_it.o(i.TIM7_IRQHandler)
    TIM8_BRK_IRQHandler                      0x08005bb9   Thumb Code     2  stm32f10x_it.o(i.TIM8_BRK_IRQHandler)
    TIM8_CC_IRQHandler                       0x08005bbb   Thumb Code     2  stm32f10x_it.o(i.TIM8_CC_IRQHandler)
    TIM8_TRG_COM_IRQHandler                  0x08005bbd   Thumb Code     2  stm32f10x_it.o(i.TIM8_TRG_COM_IRQHandler)
    TIM8_UP_IRQHandler                       0x08005bbf   Thumb Code     2  stm32f10x_it.o(i.TIM8_UP_IRQHandler)
    Test_Reading_Speed                       0x08005bc1   Thumb Code   112  main.o(i.Test_Reading_Speed)
    Timer_Config                             0x08005c51   Thumb Code    52  main.o(i.Timer_Config)
    UART4_IRQHandler                         0x08005c8d   Thumb Code     2  stm32f10x_it.o(i.UART4_IRQHandler)
    UART5_IRQHandler                         0x08005c8f   Thumb Code     2  stm32f10x_it.o(i.UART5_IRQHandler)
    USART1_IRQHandler                        0x08005c91   Thumb Code     2  stm32f10x_it.o(i.USART1_IRQHandler)
    USART1_UART_Init                         0x08005c95   Thumb Code    98  debug.o(i.USART1_UART_Init)
    USART2_IRQHandler                        0x08005d09   Thumb Code     2  stm32f10x_it.o(i.USART2_IRQHandler)
    USART3_IRQHandler                        0x08005d0b   Thumb Code     2  stm32f10x_it.o(i.USART3_IRQHandler)
    USART_Cmd                                0x08005d0d   Thumb Code    20  stm32f10x_usart.o(i.USART_Cmd)
    USART_GetFlagStatus                      0x08005d21   Thumb Code    14  stm32f10x_usart.o(i.USART_GetFlagStatus)
    USART_Init                               0x08005d31   Thumb Code   134  stm32f10x_usart.o(i.USART_Init)
    USART_SendData                           0x08005dbd   Thumb Code     8  stm32f10x_usart.o(i.USART_SendData)
    USBWakeUp_IRQHandler                     0x08005dc5   Thumb Code     2  stm32f10x_it.o(i.USBWakeUp_IRQHandler)
    USB_HP_CAN_TX_IRQHandler                 0x08005dc7   Thumb Code     2  stm32f10x_it.o(i.USB_HP_CAN_TX_IRQHandler)
    USB_LP_CAN_RX0_IRQHandler                0x08005dc9   Thumb Code     2  stm32f10x_it.o(i.USB_LP_CAN_RX0_IRQHandler)
    UsageFaultException                      0x08005dcb   Thumb Code     2  stm32f10x_it.o(i.UsageFaultException)
    WAV_Check_PCM_Buf_And_Refill             0x08005dcd   Thumb Code   192  wavplay.o(i.WAV_Check_PCM_Buf_And_Refill)
    WAV_Fill_PCM_Buf                         0x08005e9d   Thumb Code   154  wavplay.o(i.WAV_Fill_PCM_Buf)
    WAV_TimeUpdate                           0x08005f45   Thumb Code   416  wavplay.o(i.WAV_TimeUpdate)
    WWDG_IRQHandler                          0x080060f5   Thumb Code     2  stm32f10x_it.o(i.WWDG_IRQHandler)
    Wait_For_Buffer_Empty                    0x080060f9   Thumb Code    42  flacplay.o(i.Wait_For_Buffer_Empty)
    __0printf                                0x08006129   Thumb Code    22  printfa.o(i.__0printf)
    __1printf                                0x08006129   Thumb Code     0  printfa.o(i.__0printf)
    __2printf$full                           0x08006129   Thumb Code     0  printfa.o(i.__0printf)
    __c89printf                              0x08006129   Thumb Code     0  printfa.o(i.__0printf)
    printf                                   0x08006129   Thumb Code     0  printfa.o(i.__0printf)
    __0printf$1                              0x08006149   Thumb Code    22  printf1.o(i.__0printf$1)
    __1printf$1                              0x08006149   Thumb Code     0  printf1.o(i.__0printf$1)
    __2printf                                0x08006149   Thumb Code     0  printf1.o(i.__0printf$1)
    __scatterload_copy                       0x08006169   Thumb Code    14  handlers.o(i.__scatterload_copy)
    __scatterload_null                       0x08006177   Thumb Code     2  handlers.o(i.__scatterload_null)
    __scatterload_zeroinit                   0x08006179   Thumb Code    14  handlers.o(i.__scatterload_zeroinit)
    align_get_bits                           0x08006b7f   Thumb Code    16  bitstream.o(i.align_get_bits)
    chk_mounted                              0x08006bfd   Thumb Code   368  ff.o(i.chk_mounted)
    clust2sect                               0x08006d79   Thumb Code    24  ff.o(i.clust2sect)
    decode_frame                             0x08006f41   Thumb Code   486  flacdecoder.o(i.decode_frame)
    decode_residuals                         0x0800712d   Thumb Code   174  subframe_decoders.o(i.decode_residuals)
    decode_subframe                          0x080071db   Thumb Code   250  flacdecoder.o(i.decode_subframe)
    decode_subframe_fixed                    0x080072d5   Thumb Code   260  subframe_decoders.o(i.decode_subframe_fixed)
    decode_subframe_lpc                      0x080073d9   Thumb Code   302  subframe_decoders.o(i.decode_subframe_lpc)
    delay_ms                                 0x08007507   Thumb Code    28  main.o(i.delay_ms)
    disk_initialize                          0x0800780d   Thumb Code   116  diskio.o(i.disk_initialize)
    disk_ioctl                               0x08007885   Thumb Code    90  diskio.o(i.disk_ioctl)
    disk_read                                0x080078e1   Thumb Code   188  diskio.o(i.disk_read)
    disk_status                              0x080079a5   Thumb Code     8  diskio.o(i.disk_status)
    disk_write                               0x080079ad   Thumb Code    64  diskio.o(i.disk_write)
    dump_headers                             0x080079f1   Thumb Code   158  flacplay.o(i.dump_headers)
    f_close                                  0x08007b45   Thumb Code    18  ff.o(i.f_close)
    f_lseek                                  0x08007b57   Thumb Code   320  ff.o(i.f_lseek)
    f_mount                                  0x08007c99   Thumb Code    26  ff.o(i.f_mount)
    f_open                                   0x08007cb9   Thumb Code   382  ff.o(i.f_open)
    f_opendir                                0x08007e37   Thumb Code    78  ff.o(i.f_opendir)
    f_read                                   0x08007e85   Thumb Code   340  ff.o(i.f_read)
    f_readdir                                0x08007fd9   Thumb Code   160  ff.o(i.f_readdir)
    f_sync                                   0x08008079   Thumb Code   124  ff.o(i.f_sync)
    ff_convert                               0x080080f5   Thumb Code    62  cc936.o(i.ff_convert)
    flac_decode_frame                        0x08008139   Thumb Code    78  flacdecoder.o(i.flac_decode_frame)
    fputc                                    0x08008245   Thumb Code    30  debug.o(i.fputc)
    free                                     0x08008269   Thumb Code    76  malloc.o(i.free)
    get_bits                                 0x080082b9   Thumb Code    36  bitstream.o(i.get_bits)
    get_bits1                                0x080082dd   Thumb Code    28  bitstream.o(i.get_bits1)
    get_bits_count                           0x080082f9   Thumb Code     4  bitstream.o(i.get_bits_count)
    get_crc8                                 0x080082fd   Thumb Code    26  crc8.o(i.get_crc8)
    get_fat                                  0x0800831d   Thumb Code   168  ff.o(i.get_fat)
    get_fattime                              0x080083c5   Thumb Code     4  diskio.o(i.get_fattime)
    get_sbits                                0x080083cd   Thumb Code    36  bitstream.o(i.get_sbits)
    get_utf8                                 0x080084af   Thumb Code   112  flacdecoder.o(i.get_utf8)
    hw_led_control                           0x08008521   Thumb Code    40  led.o(i.hw_led_control)
    hw_led_init                              0x0800854d   Thumb Code    56  led.o(i.hw_led_init)
    init_get_bits                            0x08008589   Thumb Code    50  bitstream.o(i.init_get_bits)
    main                                     0x080085bd   Thumb Code   928  main.o(i.main)
    malloc                                   0x08008ba9   Thumb Code    92  malloc.o(i.malloc)
    playFLAC                                 0x08008c9d   Thumb Code  1176  flacplay.o(i.playFLAC)
    playWAV                                  0x08009135   Thumb Code   888  wavplay.o(i.playWAV)
    playableFLAC                             0x08009621   Thumb Code   106  flacplay.o(i.playableFLAC)
    playableWAV                              0x0800968b   Thumb Code    90  wavplay.o(i.playableWAV)
    put_fat                                  0x080096e5   Thumb Code   206  ff.o(i.put_fat)
    search_one_big_file                      0x080097b5   Thumb Code   172  main.o(i.search_one_big_file)
    seek_to_next_flac_frame                  0x0800986d   Thumb Code   174  flacplay.o(i.seek_to_next_flac_frame)
    skip_bits                                0x08009921   Thumb Code    24  bitstream.o(i.skip_bits)
    strncmp_unchar                           0x08009939   Thumb Code    58  main.o(i.strncmp_unchar)
    strncmp_unicode                          0x08009973   Thumb Code    58  main.o(i.strncmp_unicode)
    unis_lenth                               0x08009a71   Thumb Code    18  main.o(i.unis_lenth)
    unis_width                               0x08009a83   Thumb Code    26  main.o(i.unis_width)
    fre_str                                  0x08009abc   Data         340  main.o(.constdata)
    icon_music_red                           0x08009c24   Data         512  bmpicon.o(.constdata)
    icon_music_blue                          0x08009e24   Data         512  bmpicon.o(.constdata)
    icon_folder                              0x0800a024   Data         512  bmpicon.o(.constdata)
    heart_red                                0x0800a224   Data         512  bmpicon.o(.constdata)
    Font8x16                                 0x0801f8c9   Data        2048  tft_otm3225.o(.constdata)
    Font8x8                                  0x080200c9   Data        2056  tft_otm3225.o(.constdata)
    table_crc8                               0x080208d1   Data         256  crc8.o(.constdata)
    sample_rate_table                        0x080209d4   Data          64  flacdecoder.o(.constdata)
    sample_size_table                        0x08020a14   Data          32  flacdecoder.o(.constdata)
    blocksize_table                          0x08020a34   Data          64  flacdecoder.o(.constdata)
    samplerate_table                         0x08020a74   Data          48  flacplay.o(.constdata)
    samplesize_table                         0x08020aa4   Data          32  flacplay.o(.constdata)
    ff_log2_tab                              0x08020ac4   Data         256  golomb.o(.constdata)
    Region$$Table$$Base                      0x08020bc4   Number         0  anon$$obj.o(Region$$Table)
    Region$$Table$$Limit                     0x08020be4   Number         0  anon$$obj.o(Region$$Table)
    font_on                                  0x20000000   Data           1  main.o(.data)
    u2gb_on                                  0x20000001   Data           1  main.o(.data)
    fres                                     0x20000002   Data           1  main.o(.data)
    tracknum                                 0x20000004   Data           2  main.o(.data)
    dirnum                                   0x20000006   Data           2  main.o(.data)
    maxtracks                                0x20000008   Data           2  main.o(.data)
    maxdir                                   0x2000000a   Data           2  main.o(.data)
    total_music_files                        0x2000000c   Data           2  main.o(.data)
    random_index                             0x2000000e   Data           2  main.o(.data)
    random_max                               0x20000010   Data           2  main.o(.data)
    random_dir                               0x20000012   Data           2  main.o(.data)
    random_tracknum                          0x20000014   Data           2  main.o(.data)
    mda_or_interrupt                         0x20000018   Data           4  main.o(.data)
    mode                                     0x2000001c   Data           4  main.o(.data)
    select_file                              0x20000020   Data           4  main.o(.data)
    now_buf                                  0x20000024   Data           1  main.o(.data)
    overflow                                 0x20000025   Data           1  main.o(.data)
    TransferError                            0x20000028   Data           1  sdcard.o(.data)
    TransferEnd                              0x20000040   Data           4  sdcard.o(.data)
    NumberOfBytes                            0x20000044   Data           4  sdcard.o(.data)
    SrcBuffer                                0x20000048   Data           4  sdcard.o(.data)
    DestBuffer                               0x2000004c   Data           4  sdcard.o(.data)
    pcm_send_data                            0x20000050   Data           2  stm32f10x_it.o(.data)
    counter_100hz                            0x20000054   Data           4  stm32f10x_it.o(.data)
    msec                                     0x20000058   Data           4  stm32f10x_it.o(.data)
    msec2                                    0x2000005c   Data           4  stm32f10x_it.o(.data)
    key_left                                 0x20000060   Data           4  stm32f10x_it.o(.data)
    key_left_push                            0x20000064   Data           4  stm32f10x_it.o(.data)
    key_left_long                            0x20000068   Data           4  stm32f10x_it.o(.data)
    key_right                                0x2000006c   Data           4  stm32f10x_it.o(.data)
    key_right_push                           0x20000070   Data           4  stm32f10x_it.o(.data)
    key_right_long                           0x20000074   Data           4  stm32f10x_it.o(.data)
    key_play                                 0x20000078   Data           4  stm32f10x_it.o(.data)
    key_play_push                            0x2000007c   Data           4  stm32f10x_it.o(.data)
    key_play_long                            0x20000080   Data           4  stm32f10x_it.o(.data)
    key_up                                   0x20000084   Data           4  stm32f10x_it.o(.data)
    key_up_push                              0x20000088   Data           4  stm32f10x_it.o(.data)
    key_up_long                              0x2000008c   Data           4  stm32f10x_it.o(.data)
    key_down                                 0x20000090   Data           4  stm32f10x_it.o(.data)
    key_down_push                            0x20000094   Data           4  stm32f10x_it.o(.data)
    key_down_long                            0x20000098   Data           4  stm32f10x_it.o(.data)
    key                                      0x2000009c   Data           4  stm32f10x_it.o(.data)
    err_lrck                                 0x200000a0   Data           4  stm32f10x_it.o(.data)
    old_lrck                                 0x200000a4   Data           4  stm32f10x_it.o(.data)
    sync_lrck                                0x200000a8   Data           4  stm32f10x_it.o(.data)
    Font                                     0x200000b4   Data           1  tft_otm3225.o(.data)
    txt_line                                 0x200000b5   Data           1  tft_otm3225.o(.data)
    txt_col                                  0x200000b6   Data           1  tft_otm3225.o(.data)
    lcd_txt_front_color                      0x200000b8   Data           2  tft_otm3225.o(.data)
    eof                                      0x200000bc   Data           4  flacplay.o(.data)
    bytesleft                                0x200000c0   Data           4  flacplay.o(.data)
    flac_read_buf                            0x200000c4   Data           4  flacplay.o(.data)
    decoded_buf                              0x200000c8   Data           4  flacplay.o(.data)
    decoded_buf_pt                           0x200000cc   Data           4  flacplay.o(.data)
    decoded_buf_sz                           0x200000d0   Data           4  flacplay.o(.data)
    nowtime                                  0x200000d4   Data           4  flacplay.o(.data)
    oldtime                                  0x200000d8   Data           4  flacplay.o(.data)
    GPIO_InitStructure                       0x200000dc   Data           4  debug.o(.data)
    __stdout                                 0x200000e4   Data           4  stdout.o(.data)
    __microlib_freelist                      0x200000e8   Data           4  mvars.o(.data)
    __microlib_freelist_initialised          0x200000ec   Data           4  mvars.o(.data)
    Filename                                 0x200000f0   Data        2613  main.o(.bss)
    LfnName                                  0x20000b26   Data        2814  main.o(.bss)
    fs                                       0x20001624   Data         560  main.o(.bss)
    dir                                      0x20001854   Data          28  main.o(.bss)
    file1                                    0x20001870   Data         548  main.o(.bss)
    f_font                                   0x20001a94   Data         548  main.o(.bss)
    f_u2gb                                   0x20001cb8   Data         548  main.o(.bss)
    f_info                                   0x20001edc   Data          24  main.o(.bss)
    CurrentDirLfnUnicode                     0x20001ef4   Data         200  main.o(.bss)
    SelectLfnUnicode                         0x20001fbc   Data        3600  main.o(.bss)
    tempstring                               0x20002dcc   Data          60  main.o(.bss)
    FileIndex                                0x20002e08   Data         402  main.o(.bss)
    Dirname                                  0x20002f9a   Data        1313  main.o(.bss)
    DirIndex                                 0x200034bc   Data         202  main.o(.bss)
    DirFilesNum                              0x20003586   Data         202  main.o(.bss)
    random_list                              0x20003650   Data        1602  main.o(.bss)
    pcm_buf                                  0x20003c92   Data       12312  main.o(.bss)
    SDIO_InitStructure                       0x20006ccc   Data          24  sdcard.o(.bss)
    SDIO_CmdInitStructure                    0x20006ce4   Data          20  sdcard.o(.bss)
    SDIO_DataInitStructure                   0x20006cf8   Data          24  sdcard.o(.bss)
    DMABUFFER                                0x20006d10   Data        4096  diskio.o(.bss)
    Lfn_Unicode                              0x20007d10   Data         200  ff.o(.bss)
    linebuf                                  0x20007dd8   Data         720  tft_otm3225.o(.bss)
    lcd_txt_buf                              0x200080a8   Data         651  tft_otm3225.o(.bss)
    lcd_txt_clr                              0x20008334   Data        1302  tft_otm3225.o(.bss)
    usart                                    0x2000884c   Data          16  debug.o(.bss)
    __heap_base                              0x20008860   Data           0  stm32f10x_vector.o(HEAP)
    __heap_limit                             0x2000c550   Data           0  stm32f10x_vector.o(HEAP)
    __initial_sp                             0x2000d950   Data           0  stm32f10x_vector.o(STACK)



==============================================================================

Memory Map of the image

  Image Entry point : 0x08000145

  Load Region LR_1 (Base: 0x08000000, Size: 0x00020cd4, Max: 0xffffffff, ABSOLUTE)

    Execution Region ER_RO (Base: 0x08000000, Size: 0x00020be4, Max: 0xffffffff, ABSOLUTE)

    Base Addr    Size         Type   Attr      Idx    E Section Name        Object

    0x08000000   0x00000130   Data   RO         1014    RESET               stm32f10x_vector.o
    0x08000130   0x00000000   Code   RO         3517  * .ARM.Collect$$$$00000000  mc_w.l(entry.o)
    0x08000130   0x00000004   Code   RO         3832    .ARM.Collect$$$$00000001  mc_w.l(entry2.o)
    0x08000134   0x00000004   Code   RO         3835    .ARM.Collect$$$$00000004  mc_w.l(entry5.o)
    0x08000138   0x00000000   Code   RO         3837    .ARM.Collect$$$$00000008  mc_w.l(entry7b.o)
    0x08000138   0x00000000   Code   RO         3839    .ARM.Collect$$$$0000000A  mc_w.l(entry8b.o)
    0x08000138   0x00000008   Code   RO         3840    .ARM.Collect$$$$0000000B  mc_w.l(entry9a.o)
    0x08000140   0x00000000   Code   RO         3842    .ARM.Collect$$$$0000000D  mc_w.l(entry10a.o)
    0x08000140   0x00000000   Code   RO         3844    .ARM.Collect$$$$0000000F  mc_w.l(entry11a.o)
    0x08000140   0x00000004   Code   RO         3833    .ARM.Collect$$$$00002712  mc_w.l(entry2.o)
    0x08000144   0x00000008   Code   RO         1015  * .text               stm32f10x_vector.o
    0x0800014c   0x00000024   Code   RO         3520    .text               mc_w.l(llsshr.o)
    0x08000170   0x00000024   Code   RO         3522    .text               mc_w.l(rand.o)
    0x08000194   0x00000024   Code   RO         3525    .text               mc_w.l(memcpya.o)
    0x080001b8   0x00000024   Code   RO         3527    .text               mc_w.l(memseta.o)
    0x080001dc   0x00000018   Code   RO         3529    .text               mc_w.l(strcat.o)
    0x080001f4   0x00000018   Code   RO         3531    .text               mc_w.l(strncpy.o)
    0x0800020c   0x0000001a   Code   RO         3533    .text               mc_w.l(memcmp.o)
    0x08000226   0x00000028   Code   RO         3535    .text               mc_w.l(strncat.o)
    0x0800024e   0x00000012   Code   RO         3537    .text               mc_w.l(strcpy.o)
    0x08000260   0x0000001e   Code   RO         3539    .text               mc_w.l(strncmp.o)
    0x0800027e   0x0000002c   Code   RO         3847    .text               mc_w.l(uidiv.o)
    0x080002aa   0x00000062   Code   RO         3849    .text               mc_w.l(uldiv.o)
    0x0800030c   0x00000000   Code   RO         3853    .text               mc_w.l(iusefp.o)
    0x0800030c   0x0000014e   Code   RO         3854    .text               mf_w.l(dadd.o)
    0x0800045a   0x000000e4   Code   RO         3856    .text               mf_w.l(dmul.o)
    0x0800053e   0x000000de   Code   RO         3858    .text               mf_w.l(ddiv.o)
    0x0800061c   0x00000030   Code   RO         3860    .text               mf_w.l(dfixul.o)
    0x0800064c   0x00000028   Code   RO         3862    .text               mf_w.l(cdrcmple.o)
    0x08000674   0x00000024   Code   RO         3864    .text               mc_w.l(init.o)
    0x08000698   0x0000001e   Code   RO         3866    .text               mc_w.l(llshl.o)
    0x080006b6   0x00000020   Code   RO         3868    .text               mc_w.l(llushr.o)
    0x080006d6   0x000000be   Code   RO         3870    .text               mf_w.l(depilogue.o)
    0x08000794   0x00000002   Code   RO          576    i.ADC1_2_IRQHandler  stm32f10x_it.o
    0x08000796   0x00000002   Code   RO          577    i.ADC3_IRQHandler   stm32f10x_it.o
    0x08000798   0x00000014   Code   RO         1304    i.ADC_Cmd           stm32f10x_adc.o
    0x080007ac   0x00000078   Code   RO            1    i.ADC_Config        main.o
    0x08000824   0x00000024   Code   RO            2    i.ADC_GPIO_Config   main.o
    0x08000848   0x0000000e   Code   RO         1312    i.ADC_GetCalibrationStatus  stm32f10x_adc.o
    0x08000856   0x00000006   Code   RO         1313    i.ADC_GetConversionValue  stm32f10x_adc.o
    0x0800085c   0x0000000e   Code   RO         1315    i.ADC_GetFlagStatus  stm32f10x_adc.o
    0x0800086a   0x0000000e   Code   RO         1318    i.ADC_GetResetCalibrationStatus  stm32f10x_adc.o
    0x08000878   0x00000048   Code   RO         1322    i.ADC_Init          stm32f10x_adc.o
    0x080008c0   0x00000074   Code   RO         1326    i.ADC_RegularChannelConfig  stm32f10x_adc.o
    0x08000934   0x0000000a   Code   RO         1327    i.ADC_ResetCalibration  stm32f10x_adc.o
    0x0800093e   0x00000014   Code   RO         1329    i.ADC_SoftwareStartConvCmd  stm32f10x_adc.o
    0x08000952   0x0000000a   Code   RO         1331    i.ADC_StartCalibration  stm32f10x_adc.o
    0x0800095c   0x00000012   Code   RO         1332    i.ADC_StructInit    stm32f10x_adc.o
    0x0800096e   0x00000002   Code   RO          578    i.BusFaultException  stm32f10x_it.o
    0x08000970   0x00000002   Code   RO          579    i.CAN_RX1_IRQHandler  stm32f10x_it.o
    0x08000972   0x00000002   Code   RO          580    i.CAN_SCE_IRQHandler  stm32f10x_it.o
    0x08000974   0x00000038   Code   RO            3    i.Check_And_Find_Place_For_Random_List  main.o
    0x080009ac   0x00000020   Code   RO          581    i.ClearKey          stm32f10x_it.o
    0x080009cc   0x000000e8   Code   RO          408    i.CmdResp1Error     sdcard.o
    0x08000ab4   0x00000034   Code   RO          409    i.CmdResp2Error     sdcard.o
    0x08000ae8   0x00000070   Code   RO          410    i.CmdResp6Error     sdcard.o
    0x08000b58   0x00000002   Code   RO          582    i.DMA1_Channel1_IRQHandler  stm32f10x_it.o
    0x08000b5a   0x00000002   Code   RO          583    i.DMA1_Channel2_IRQHandler  stm32f10x_it.o
    0x08000b5c   0x00000002   Code   RO          584    i.DMA1_Channel3_IRQHandler  stm32f10x_it.o
    0x08000b5e   0x00000002   Code   RO          585    i.DMA1_Channel4_IRQHandler  stm32f10x_it.o
    0x08000b60   0x00000002   Code   RO          586    i.DMA1_Channel5_IRQHandler  stm32f10x_it.o
    0x08000b62   0x00000002   Code   RO          587    i.DMA1_Channel6_IRQHandler  stm32f10x_it.o
    0x08000b64   0x00000002   Code   RO          588    i.DMA1_Channel7_IRQHandler  stm32f10x_it.o
    0x08000b66   0x00000002   Code   RO          589    i.DMA2_Channel1_IRQHandler  stm32f10x_it.o
    0x08000b68   0x00000002   Code   RO          590    i.DMA2_Channel2_IRQHandler  stm32f10x_it.o
    0x08000b6a   0x00000002   Code   RO          591    i.DMA2_Channel3_IRQHandler  stm32f10x_it.o
    0x08000b6c   0x00000002   Code   RO          592    i.DMA2_Channel4_5_IRQHandler  stm32f10x_it.o
    0x08000b6e   0x00000002   PAD
    0x08000b70   0x00000018   Code   RO         2047    i.DMA_ClearFlag     stm32f10x_dma.o
    0x08000b88   0x00000014   Code   RO         2049    i.DMA_Cmd           stm32f10x_dma.o
    0x08000b9c   0x00000020   Code   RO         2052    i.DMA_GetFlagStatus  stm32f10x_dma.o
    0x08000bbc   0x0000003a   Code   RO         2055    i.DMA_Init          stm32f10x_dma.o
    0x08000bf6   0x00000002   PAD
    0x08000bf8   0x0000005c   Code   RO          411    i.DMA_RxConfiguration  sdcard.o
    0x08000c54   0x00000060   Code   RO          412    i.DMA_TxConfiguration  sdcard.o
    0x08000cb4   0x00000002   Code   RO          593    i.DebugMonitor      stm32f10x_it.o
    0x08000cb6   0x00000002   PAD
    0x08000cb8   0x00000114   Code   RO         3387    i.DumpWavHead       wavplay.o
    0x08000dcc   0x00000002   Code   RO          594    i.EXTI0_IRQHandler  stm32f10x_it.o
    0x08000dce   0x00000002   Code   RO          595    i.EXTI15_10_IRQHandler  stm32f10x_it.o
    0x08000dd0   0x00000002   Code   RO          596    i.EXTI1_IRQHandler  stm32f10x_it.o
    0x08000dd2   0x00000002   Code   RO          597    i.EXTI2_IRQHandler  stm32f10x_it.o
    0x08000dd4   0x00000002   Code   RO          598    i.EXTI3_IRQHandler  stm32f10x_it.o
    0x08000dd6   0x00000002   Code   RO          599    i.EXTI4_IRQHandler  stm32f10x_it.o
    0x08000dd8   0x00000002   Code   RO          600    i.EXTI9_5_IRQHandler  stm32f10x_it.o
    0x08000dda   0x00000002   PAD
    0x08000ddc   0x0000004c   Code   RO         3208    i.FLACPLAY_Check_PCM_Buf_And_Refill  flacplay.o
    0x08000e28   0x00000068   Code   RO         3209    i.FLACPLAY_Fill_PCM_Buf  flacplay.o
    0x08000e90   0x000001a0   Code   RO         3210    i.FLACPLAY_TimeUpdate  flacplay.o
    0x08001030   0x000001a4   Code   RO         3211    i.FLAC_INIT         flacplay.o
    0x080011d4   0x00000002   Code   RO          601    i.FLASH_IRQHandler  stm32f10x_it.o
    0x080011d6   0x00000002   PAD
    0x080011d8   0x00000018   Code   RO         1838    i.FLASH_PrefetchBufferCmd  stm32f10x_flash.o
    0x080011f0   0x00000018   Code   RO         1839    i.FLASH_SetLatency  stm32f10x_flash.o
    0x08001208   0x00000002   Code   RO          602    i.FSMC_IRQHandler   stm32f10x_it.o
    0x0800120a   0x00000002   PAD
    0x0800120c   0x00000100   Code   RO         2721    i.FSMC_LCD_Init     fsmc_lcd.o
    0x0800130c   0x00000020   Code   RO         1045    i.FSMC_NORSRAMCmd   stm32f10x_fsmc.o
    0x0800132c   0x000000bc   Code   RO         1047    i.FSMC_NORSRAMInit  stm32f10x_fsmc.o
    0x080013e8   0x00000140   Code   RO          413    i.FindSCR           sdcard.o
    0x08001528   0x00000058   Code   RO            5    i.Find_File_LFN     main.o
    0x08001580   0x00000098   Code   RO         1534    i.GPIO_Init         stm32f10x_gpio.o
    0x08001618   0x00000004   Code   RO         1541    i.GPIO_ResetBits    stm32f10x_gpio.o
    0x0800161c   0x00000004   Code   RO         1542    i.GPIO_SetBits      stm32f10x_gpio.o
    0x08001620   0x00000010   Code   RO         1543    i.GPIO_StructInit   stm32f10x_gpio.o
    0x08001630   0x0000007c   Code   RO            6    i.Generate_Random_List  main.o
    0x080016ac   0x0000004c   Code   RO            7    i.GetSrandSeed      main.o
    0x080016f8   0x000000ac   Code   RO            8    i.Get_Dir_LFN       main.o
    0x080017a4   0x00000078   Code   RO         3212    i.Get_One_Block     flacplay.o
    0x0800181c   0x00000150   Code   RO         3213    i.Get_PCM_Buf       flacplay.o
    0x0800196c   0x00000064   Code   RO            9    i.Halt              main.o
    0x080019d0   0x00000002   Code   RO          603    i.HardFaultException  stm32f10x_it.o
    0x080019d2   0x00000002   Code   RO          604    i.I2C1_ER_IRQHandler  stm32f10x_it.o
    0x080019d4   0x00000002   Code   RO          605    i.I2C1_EV_IRQHandler  stm32f10x_it.o
    0x080019d6   0x00000002   Code   RO          606    i.I2C2_ER_IRQHandler  stm32f10x_it.o
    0x080019d8   0x00000002   Code   RO          607    i.I2C2_EV_IRQHandler  stm32f10x_it.o
    0x080019da   0x00000002   PAD
    0x080019dc   0x00000154   Code   RO          414    i.IsCardProgramming  sdcard.o
    0x08001b30   0x0000005c   Code   RO           13    i.IsFlacName        main.o
    0x08001b8c   0x00000058   Code   RO           14    i.IsMp3Name         main.o
    0x08001be4   0x0000005c   Code   RO           15    i.IsWavName         main.o
    0x08001c40   0x0000004c   Code   RO           16    i.Key_Config        main.o
    0x08001c8c   0x0000004a   Code   RO         2760    i.LCD_BMP           tft_otm3225.o
    0x08001cd6   0x00000002   PAD
    0x08001cd8   0x00000030   Code   RO         2761    i.LCD_Bus_Initial   tft_otm3225.o
    0x08001d08   0x00000026   Code   RO         2762    i.LCD_Clear_Screen  tft_otm3225.o
    0x08001d2e   0x0000007c   Code   RO           17    i.LCD_Color_Show    main.o
    0x08001daa   0x00000012   Code   RO         2763    i.LCD_Disp_Char     tft_otm3225.o
    0x08001dbc   0x00000020   Code   RO         2764    i.LCD_Disp_GB1616   tft_otm3225.o
    0x08001ddc   0x0000006c   Code   RO         2768    i.LCD_File_Bmp      tft_otm3225.o
    0x08001e48   0x0000002c   Code   RO         2769    i.LCD_GPIO_Configuration  tft_otm3225.o
    0x08001e74   0x00000268   Code   RO         2770    i.LCD_Init          tft_otm3225.o
    0x080020dc   0x00000132   Code   RO         3050    i.LCD_Printf        lcd_printf.o
    0x0800220e   0x00000002   PAD
    0x08002210   0x0000001c   Code   RO         2772    i.LCD_PutChar       tft_otm3225.o
    0x0800222c   0x00000054   Code   RO         2773    i.LCD_PutChar8x16   tft_otm3225.o
    0x08002280   0x0000004c   Code   RO         2775    i.LCD_PutChar8x8    tft_otm3225.o
    0x080022cc   0x00000044   Code   RO         2778    i.LCD_PutString     tft_otm3225.o
    0x08002310   0x0000005e   Code   RO         2780    i.LCD_Put_Width_GBK16  tft_otm3225.o
    0x0800236e   0x00000064   Code   RO         2781    i.LCD_Put_Width_Unis  tft_otm3225.o
    0x080023d2   0x00000038   Code   RO         2782    i.LCD_Rectangle     tft_otm3225.o
    0x0800240a   0x0000005e   Code   RO         2784    i.LCD_Set_Area      tft_otm3225.o
    0x08002468   0x00000028   Code   RO         2785    i.LCD_Set_Location  tft_otm3225.o
    0x08002490   0x00000044   Code   RO         2787    i.LCD_Txt_Clear     tft_otm3225.o
    0x080024d4   0x0000006c   Code   RO         2788    i.LCD_Txt_Display   tft_otm3225.o
    0x08002540   0x00000030   Code   RO         2789    i.LCD_Txt_PutGBc    tft_otm3225.o
    0x08002570   0x00000064   Code   RO         2791    i.LCD_Txt_Put_Num   tft_otm3225.o
    0x080025d4   0x00000078   Code   RO         2792    i.LCD_Txt_Putc      tft_otm3225.o
    0x0800264c   0x00000014   Code   RO         2793    i.LCD_Txt_Puts      tft_otm3225.o
    0x08002660   0x00000060   Code   RO         2794    i.LCD_Txt_Roll_Up   tft_otm3225.o
    0x080026c0   0x0000000c   Code   RO         2795    i.LCD_Txt_Set_Color  tft_otm3225.o
    0x080026cc   0x00000014   Code   RO         2796    i.LCD_Txt_Set_YX    tft_otm3225.o
    0x080026e0   0x00000022   Code   RO         2798    i.LCD_Txt_n_Uns     tft_otm3225.o
    0x08002702   0x0000000c   Code   RO         3009    i.LCD_WRITE_CMD     tft_otm3225.o
    0x0800270e   0x00000002   PAD
    0x08002710   0x00000010   Code   RO         3014    i.LCD_WRITE_DATA    tft_otm3225.o
    0x08002720   0x000000e8   Code   RO         3388    i.LoadWavHead       wavplay.o
    0x08002808   0x00000050   Code   RO           18    i.Load_Dir_Files_List  main.o
    0x08002858   0x00000002   Code   RO          608    i.MemManageException  stm32f10x_it.o
    0x0800285a   0x00000002   Code   RO          609    i.NMIException      stm32f10x_it.o
    0x0800285c   0x0000006a   Code   RO           19    i.NVIC_Config       main.o
    0x080028c6   0x00000002   PAD
    0x080028c8   0x0000007c   Code   RO         2129    i.NVIC_Init         stm32f10x_nvic.o
    0x08002944   0x00000014   Code   RO         2130    i.NVIC_PriorityGroupConfig  stm32f10x_nvic.o
    0x08002958   0x00000170   Code   RO           20    i.Open_File_System  main.o
    0x08002ac8   0x000000e0   Code   RO           21    i.Open_Fonts_Files  main.o
    0x08002ba8   0x000002cc   Code   RO           22    i.Open_Root_And_Find_Music_Files  main.o
    0x08002e74   0x00000002   Code   RO          610    i.PVD_IRQHandler    stm32f10x_it.o
    0x08002e76   0x00000002   Code   RO          611    i.PendSVC           stm32f10x_it.o
    0x08002e78   0x0000016c   Code   RO         2799    i.PutGB1616         tft_otm3225.o
    0x08002fe4   0x00000018   Code   RO         1638    i.RCC_AHBPeriphClockCmd  stm32f10x_rcc.o
    0x08002ffc   0x00000018   Code   RO         1641    i.RCC_APB2PeriphClockCmd  stm32f10x_rcc.o
    0x08003014   0x00000064   Code   RO           23    i.RCC_Config        main.o
    0x08003078   0x0000003c   Code   RO         1648    i.RCC_DeInit        stm32f10x_rcc.o
    0x080030b4   0x00000094   Code   RO         1649    i.RCC_GetClocksFreq  stm32f10x_rcc.o
    0x08003148   0x00000030   Code   RO         1650    i.RCC_GetFlagStatus  stm32f10x_rcc.o
    0x08003178   0x00000010   Code   RO         1652    i.RCC_GetSYSCLKSource  stm32f10x_rcc.o
    0x08003188   0x00000014   Code   RO         1653    i.RCC_HCLKConfig    stm32f10x_rcc.o
    0x0800319c   0x00000034   Code   RO         1654    i.RCC_HSEConfig     stm32f10x_rcc.o
    0x080031d0   0x00000002   Code   RO          612    i.RCC_IRQHandler    stm32f10x_it.o
    0x080031d2   0x00000002   PAD
    0x080031d4   0x0000000c   Code   RO         1659    i.RCC_MCOConfig     stm32f10x_rcc.o
    0x080031e0   0x00000014   Code   RO         1660    i.RCC_PCLK1Config   stm32f10x_rcc.o
    0x080031f4   0x00000014   Code   RO         1661    i.RCC_PCLK2Config   stm32f10x_rcc.o
    0x08003208   0x0000000c   Code   RO         1662    i.RCC_PLLCmd        stm32f10x_rcc.o
    0x08003214   0x00000014   Code   RO         1663    i.RCC_PLLConfig     stm32f10x_rcc.o
    0x08003228   0x00000014   Code   RO         1666    i.RCC_SYSCLKConfig  stm32f10x_rcc.o
    0x0800323c   0x0000002a   Code   RO         1668    i.RCC_WaitForHSEStartUp  stm32f10x_rcc.o
    0x08003266   0x00000002   Code   RO          613    i.RTCAlarm_IRQHandler  stm32f10x_it.o
    0x08003268   0x00000002   Code   RO          614    i.RTC_IRQHandler    stm32f10x_it.o
    0x0800326a   0x00000002   PAD
    0x0800326c   0x00000078   Code   RO           24    i.Random_File_List_Next  main.o
    0x080032e4   0x00000060   Code   RO           25    i.Random_File_List_Previous  main.o
    0x08003344   0x00000048   Code   RO           26    i.Random_List_Seek_To_Current_File  main.o
    0x0800338c   0x000000c0   Code   RO          415    i.SDEnWideBus       sdcard.o
    0x0800344c   0x0000000c   Code   RO         1862    i.SDIO_ClearFlag    stm32f10x_sdio.o
    0x08003458   0x0000000c   Code   RO         1863    i.SDIO_ClearITPendingBit  stm32f10x_sdio.o
    0x08003464   0x0000000c   Code   RO         1864    i.SDIO_ClockCmd     stm32f10x_sdio.o
    0x08003470   0x0000000c   Code   RO         1867    i.SDIO_DMACmd       stm32f10x_sdio.o
    0x0800347c   0x0000002c   Code   RO         1868    i.SDIO_DataConfig   stm32f10x_sdio.o
    0x080034a8   0x00000024   Code   RO         1870    i.SDIO_DeInit       stm32f10x_sdio.o
    0x080034cc   0x0000000c   Code   RO         1871    i.SDIO_GetCommandResponse  stm32f10x_sdio.o
    0x080034d8   0x00000014   Code   RO         1874    i.SDIO_GetFlagStatus  stm32f10x_sdio.o
    0x080034ec   0x00000014   Code   RO         1875    i.SDIO_GetITStatus  stm32f10x_sdio.o
    0x08003500   0x00000010   Code   RO         1876    i.SDIO_GetPowerState  stm32f10x_sdio.o
    0x08003510   0x0000000c   Code   RO         1877    i.SDIO_GetResponse  stm32f10x_sdio.o
    0x0800351c   0x00000004   Code   RO          615    i.SDIO_IRQHandler   stm32f10x_it.o
    0x08003520   0x00000018   Code   RO         1878    i.SDIO_ITConfig     stm32f10x_sdio.o
    0x08003538   0x0000002c   Code   RO         1879    i.SDIO_Init         stm32f10x_sdio.o
    0x08003564   0x0000000c   Code   RO         1880    i.SDIO_ReadData     stm32f10x_sdio.o
    0x08003570   0x00000028   Code   RO         1882    i.SDIO_SendCommand  stm32f10x_sdio.o
    0x08003598   0x00000018   Code   RO         1884    i.SDIO_SetPowerState  stm32f10x_sdio.o
    0x080035b0   0x0000000c   Code   RO         1890    i.SDIO_WriteData    stm32f10x_sdio.o
    0x080035bc   0x0000008c   Code   RO          416    i.SD_EnableWideBusOperation  sdcard.o
    0x08003648   0x00000250   Code   RO          418    i.SD_GetCardInfo    sdcard.o
    0x08003898   0x000000c0   Code   RO          420    i.SD_Init           sdcard.o
    0x08003958   0x00000108   Code   RO          421    i.SD_InitializeCards  sdcard.o
    0x08003a60   0x000001e8   Code   RO          423    i.SD_PowerON        sdcard.o
    0x08003c48   0x00000198   Code   RO          424    i.SD_ProcessIRQSrc  sdcard.o
    0x08003de0   0x00000204   Code   RO          425    i.SD_ReadBlock      sdcard.o
    0x08003fe4   0x00000260   Code   RO          426    i.SD_ReadMultiBlocks  sdcard.o
    0x08004244   0x0000002c   Code   RO          427    i.SD_SelectDeselect  sdcard.o
    0x08004270   0x0000001c   Code   RO          430    i.SD_SetDeviceMode  sdcard.o
    0x0800428c   0x00000028   Code   RO          431    i.SD_StopTransfer   sdcard.o
    0x080042b4   0x000002b8   Code   RO          432    i.SD_WriteBlock     sdcard.o
    0x0800456c   0x00000308   Code   RO          433    i.SD_WriteMultiBlocks  sdcard.o
    0x08004874   0x0000005c   Code   RO           27    i.SPI1_Config       main.o
    0x080048d0   0x00000028   Code   RO           28    i.SPI1_GPIOA6_Reset  main.o
    0x080048f8   0x00000060   Code   RO           29    i.SPI1_GPIO_config  main.o
    0x08004958   0x000000cc   Code   RO          616    i.SPI1_IRQHandler   stm32f10x_it.o
    0x08004a24   0x000000cc   Code   RO          617    i.SPI2_IRQHandler   stm32f10x_it.o
    0x08004af0   0x00000002   Code   RO          618    i.SPI3_IRQHandler   stm32f10x_it.o
    0x08004af2   0x00000014   Code   RO         1159    i.SPI_Cmd           stm32f10x_spi.o
    0x08004b06   0x00000018   Code   RO         1169    i.SPI_I2S_ITConfig  stm32f10x_spi.o
    0x08004b1e   0x00000038   Code   RO         1172    i.SPI_Init          stm32f10x_spi.o
    0x08004b56   0x00000002   Code   RO          619    i.SVCHandler        stm32f10x_it.o
    0x08004b58   0x00000098   Code   RO           32    i.SearchMusicFilesNumInDir  main.o
    0x08004bf0   0x00000128   Code   RO           33    i.Search_Music_Files_In_Dir  main.o
    0x08004d18   0x0000002c   Code   RO           34    i.Select            main.o
    0x08004d44   0x000004a8   Code   RO           35    i.SelectAlbum       main.o
    0x080051ec   0x000004b8   Code   RO           36    i.SelectTrack       main.o
    0x080056a4   0x00000054   Code   RO           37    i.ShowDirItem       main.o
    0x080056f8   0x00000054   Code   RO           38    i.ShowFilesInfoItem  main.o
    0x0800574c   0x00000230   Code   RO           39    i.Show_Info         main.o
    0x0800597c   0x00000024   Code   RO           40    i.Show_Logo         main.o
    0x080059a0   0x000000d8   Code   RO           41    i.Sort_Filename     main.o
    0x08005a78   0x00000002   Code   RO          620    i.SysTickHandler    stm32f10x_it.o
    0x08005a7a   0x00000002   Code   RO          621    i.TAMPER_IRQHandler  stm32f10x_it.o
    0x08005a7c   0x00000002   Code   RO          622    i.TIM1_BRK_IRQHandler  stm32f10x_it.o
    0x08005a7e   0x00000002   Code   RO          623    i.TIM1_CC_IRQHandler  stm32f10x_it.o
    0x08005a80   0x00000002   Code   RO          624    i.TIM1_TRG_COM_IRQHandler  stm32f10x_it.o
    0x08005a82   0x00000002   Code   RO          625    i.TIM1_UP_IRQHandler  stm32f10x_it.o
    0x08005a84   0x00000002   Code   RO          626    i.TIM2_IRQHandler   stm32f10x_it.o
    0x08005a86   0x00000002   PAD
    0x08005a88   0x00000128   Code   RO          627    i.TIM3_IRQHandler   stm32f10x_it.o
    0x08005bb0   0x00000002   Code   RO          628    i.TIM4_IRQHandler   stm32f10x_it.o
    0x08005bb2   0x00000002   Code   RO          629    i.TIM5_IRQHandler   stm32f10x_it.o
    0x08005bb4   0x00000002   Code   RO          630    i.TIM6_IRQHandler   stm32f10x_it.o
    0x08005bb6   0x00000002   Code   RO          631    i.TIM7_IRQHandler   stm32f10x_it.o
    0x08005bb8   0x00000002   Code   RO          632    i.TIM8_BRK_IRQHandler  stm32f10x_it.o
    0x08005bba   0x00000002   Code   RO          633    i.TIM8_CC_IRQHandler  stm32f10x_it.o
    0x08005bbc   0x00000002   Code   RO          634    i.TIM8_TRG_COM_IRQHandler  stm32f10x_it.o
    0x08005bbe   0x00000002   Code   RO          635    i.TIM8_UP_IRQHandler  stm32f10x_it.o
    0x08005bc0   0x00000090   Code   RO           42    i.Test_Reading_Speed  main.o
    0x08005c50   0x0000003c   Code   RO           43    i.Timer_Config      main.o
    0x08005c8c   0x00000002   Code   RO          636    i.UART4_IRQHandler  stm32f10x_it.o
    0x08005c8e   0x00000002   Code   RO          637    i.UART5_IRQHandler  stm32f10x_it.o
    0x08005c90   0x00000002   Code   RO          638    i.USART1_IRQHandler  stm32f10x_it.o
    0x08005c92   0x00000002   PAD
    0x08005c94   0x00000074   Code   RO         3488    i.USART1_UART_Init  debug.o
    0x08005d08   0x00000002   Code   RO          639    i.USART2_IRQHandler  stm32f10x_it.o
    0x08005d0a   0x00000002   Code   RO          640    i.USART3_IRQHandler  stm32f10x_it.o
    0x08005d0c   0x00000014   Code   RO         2303    i.USART_Cmd         stm32f10x_usart.o
    0x08005d20   0x0000000e   Code   RO         2306    i.USART_GetFlagStatus  stm32f10x_usart.o
    0x08005d2e   0x00000002   PAD
    0x08005d30   0x0000008c   Code   RO         2310    i.USART_Init        stm32f10x_usart.o
    0x08005dbc   0x00000008   Code   RO         2318    i.USART_SendData    stm32f10x_usart.o
    0x08005dc4   0x00000002   Code   RO          641    i.USBWakeUp_IRQHandler  stm32f10x_it.o
    0x08005dc6   0x00000002   Code   RO          642    i.USB_HP_CAN_TX_IRQHandler  stm32f10x_it.o
    0x08005dc8   0x00000002   Code   RO          643    i.USB_LP_CAN_RX0_IRQHandler  stm32f10x_it.o
    0x08005dca   0x00000002   Code   RO          644    i.UsageFaultException  stm32f10x_it.o
    0x08005dcc   0x000000d0   Code   RO         3389    i.WAV_Check_PCM_Buf_And_Refill  wavplay.o
    0x08005e9c   0x000000a8   Code   RO         3390    i.WAV_Fill_PCM_Buf  wavplay.o
    0x08005f44   0x000001b0   Code   RO         3391    i.WAV_TimeUpdate    wavplay.o
    0x080060f4   0x00000002   Code   RO          645    i.WWDG_IRQHandler   stm32f10x_it.o
    0x080060f6   0x00000002   PAD
    0x080060f8   0x00000030   Code   RO         3214    i.Wait_For_Buffer_Empty  flacplay.o
    0x08006128   0x00000020   Code   RO         3776    i.__0printf         mc_w.l(printfa.o)
    0x08006148   0x00000020   Code   RO         3588    i.__0printf$1       mc_w.l(printf1.o)
    0x08006168   0x0000000e   Code   RO         3874    i.__scatterload_copy  mc_w.l(handlers.o)
    0x08006176   0x00000002   Code   RO         3875    i.__scatterload_null  mc_w.l(handlers.o)
    0x08006178   0x0000000e   Code   RO         3876    i.__scatterload_zeroinit  mc_w.l(handlers.o)
    0x08006186   0x00000002   PAD
    0x08006188   0x0000015c   Code   RO         3783    i._fp_digits        mc_w.l(printfa.o)
    0x080062e4   0x00000154   Code   RO         3595    i._printf_core      mc_w.l(printf1.o)
    0x08006438   0x000006f0   Code   RO         3784    i._printf_core      mc_w.l(printfa.o)
    0x08006b28   0x00000026   Code   RO         3785    i._printf_post_padding  mc_w.l(printfa.o)
    0x08006b4e   0x00000030   Code   RO         3786    i._printf_pre_padding  mc_w.l(printfa.o)
    0x08006b7e   0x00000010   Code   RO         3080    i.align_get_bits    bitstream.o
    0x08006b8e   0x00000002   PAD
    0x08006b90   0x00000020   Code   RO         3338    i.av_log2           subframe_decoders.o
    0x08006bb0   0x0000004c   Code   RO         2564    i.check_fs          ff.o
    0x08006bfc   0x0000017c   Code   RO         2565    i.chk_mounted       ff.o
    0x08006d78   0x00000018   Code   RO         2566    i.clust2sect        ff.o
    0x08006d90   0x00000012   Code   RO          434    i.convert_from_bytes_to_power_of_two  sdcard.o
    0x08006da2   0x00000096   Code   RO         2567    i.create_chain      ff.o
    0x08006e38   0x00000108   Code   RO         2568    i.create_name       ff.o
    0x08006f40   0x000001ec   Code   RO         3163    i.decode_frame      flacdecoder.o
    0x0800712c   0x000000ae   Code   RO         3339    i.decode_residuals  subframe_decoders.o
    0x080071da   0x000000fa   Code   RO         3164    i.decode_subframe   flacdecoder.o
    0x080072d4   0x00000104   Code   RO         3340    i.decode_subframe_fixed  subframe_decoders.o
    0x080073d8   0x0000012e   Code   RO         3341    i.decode_subframe_lpc  subframe_decoders.o
    0x08007506   0x0000001c   Code   RO           44    i.delay_ms          main.o
    0x08007522   0x000000ec   Code   RO         2569    i.dir_next          ff.o
    0x0800760e   0x00000002   PAD
    0x08007610   0x00000118   Code   RO         2570    i.dir_read          ff.o
    0x08007728   0x00000066   Code   RO         2571    i.dir_register      ff.o
    0x0800778e   0x0000007e   Code   RO         2572    i.dir_seek          ff.o
    0x0800780c   0x00000078   Code   RO         2490    i.disk_initialize   diskio.o
    0x08007884   0x0000005a   Code   RO         2491    i.disk_ioctl        diskio.o
    0x080078de   0x00000002   PAD
    0x080078e0   0x000000c4   Code   RO         2492    i.disk_read         diskio.o
    0x080079a4   0x00000008   Code   RO         2493    i.disk_status       diskio.o
    0x080079ac   0x00000044   Code   RO         2494    i.disk_write        diskio.o
    0x080079f0   0x00000154   Code   RO         3215    i.dump_headers      flacplay.o
    0x08007b44   0x00000012   Code   RO         2573    i.f_close           ff.o
    0x08007b56   0x00000140   Code   RO         2574    i.f_lseek           ff.o
    0x08007c96   0x00000002   PAD
    0x08007c98   0x00000020   Code   RO         2575    i.f_mount           ff.o
    0x08007cb8   0x0000017e   Code   RO         2576    i.f_open            ff.o
    0x08007e36   0x0000004e   Code   RO         2577    i.f_opendir         ff.o
    0x08007e84   0x00000154   Code   RO         2578    i.f_read            ff.o
    0x08007fd8   0x000000a0   Code   RO         2579    i.f_readdir         ff.o
    0x08008078   0x0000007c   Code   RO         2580    i.f_sync            ff.o
    0x080080f4   0x00000044   Code   RO         2467    i.ff_convert        cc936.o
    0x08008138   0x0000004e   Code   RO         3165    i.flac_decode_frame  flacdecoder.o
    0x08008186   0x000000bc   Code   RO         2582    i.follow_path       ff.o
    0x08008242   0x00000002   PAD
    0x08008244   0x00000024   Code   RO         3489    i.fputc             debug.o
    0x08008268   0x00000050   Code   RO         3804    i.free              mc_w.l(malloc.o)
    0x080082b8   0x00000024   Code   RO         3081    i.get_bits          bitstream.o
    0x080082dc   0x0000001c   Code   RO         3082    i.get_bits1         bitstream.o
    0x080082f8   0x00000004   Code   RO         3083    i.get_bits_count    bitstream.o
    0x080082fc   0x00000020   Code   RO         3150    i.get_crc8          crc8.o
    0x0800831c   0x000000a8   Code   RO         2583    i.get_fat           ff.o
    0x080083c4   0x00000008   Code   RO         2495    i.get_fattime       diskio.o
    0x080083cc   0x00000024   Code   RO         3085    i.get_sbits         bitstream.o
    0x080083f0   0x000000be   Code   RO         3342    i.get_sr_golomb_flac  subframe_decoders.o
    0x080084ae   0x00000070   Code   RO         3166    i.get_utf8          flacdecoder.o
    0x0800851e   0x00000002   PAD
    0x08008520   0x0000002c   Code   RO         3467    i.hw_led_control    led.o
    0x0800854c   0x0000003c   Code   RO         3468    i.hw_led_init       led.o
    0x08008588   0x00000032   Code   RO         3086    i.init_get_bits     bitstream.o
    0x080085ba   0x00000002   PAD
    0x080085bc   0x000005ec   Code   RO           45    i.main              main.o
    0x08008ba8   0x0000006c   Code   RO         3805    i.malloc            mc_w.l(malloc.o)
    0x08008c14   0x00000010   Code   RO         2584    i.mem_cpy           ff.o
    0x08008c24   0x0000000e   Code   RO         2585    i.mem_set           ff.o
    0x08008c32   0x0000006a   Code   RO         2586    i.move_window       ff.o
    0x08008c9c   0x00000498   Code   RO         3216    i.playFLAC          flacplay.o
    0x08009134   0x000004ec   Code   RO         3392    i.playWAV           wavplay.o
    0x08009620   0x0000006a   Code   RO         3217    i.playableFLAC      flacplay.o
    0x0800968a   0x0000005a   Code   RO         3393    i.playableWAV       wavplay.o
    0x080096e4   0x000000ce   Code   RO         2587    i.put_fat           ff.o
    0x080097b2   0x00000002   PAD
    0x080097b4   0x000000b8   Code   RO           46    i.search_one_big_file  main.o
    0x0800986c   0x000000b4   Code   RO         3218    i.seek_to_next_flac_frame  flacplay.o
    0x08009920   0x00000018   Code   RO         3088    i.skip_bits         bitstream.o
    0x08009938   0x0000003a   Code   RO           47    i.strncmp_unchar    main.o
    0x08009972   0x0000003a   Code   RO           48    i.strncmp_unicode   main.o
    0x080099ac   0x00000018   Code   RO         3219    i.swap32            flacplay.o
    0x080099c4   0x00000078   Code   RO         2588    i.sync              ff.o
    0x08009a3c   0x0000001a   Code   RO         3089    i.unaligned32_be    bitstream.o
    0x08009a56   0x0000001a   Code   RO         3343    i.unaligned32_be    subframe_decoders.o
    0x08009a70   0x00000012   Code   RO           49    i.unis_lenth        main.o
    0x08009a82   0x0000001a   Code   RO           50    i.unis_width        main.o
    0x08009a9c   0x00000020   Code   RO         2589    i.validate          ff.o
    0x08009abc   0x00000167   Data   RO           53    .constdata          main.o
    0x08009c23   0x00000001   PAD
    0x08009c24   0x00000200   Data   RO         1023    .constdata          bmpicon.o
    0x08009e24   0x00000200   Data   RO         1024    .constdata          bmpicon.o
    0x0800a024   0x00000200   Data   RO         1025    .constdata          bmpicon.o
    0x0800a224   0x00000200   Data   RO         1027    .constdata          bmpicon.o
    0x0800a424   0x00000014   Data   RO         1669    .constdata          stm32f10x_rcc.o
    0x0800a438   0x00015484   Data   RO         2468    .constdata          cc936.o
    0x0801f8bc   0x0000000d   Data   RO         2591    .constdata          ff.o
    0x0801f8c9   0x00001008   Data   RO         2802    .constdata          tft_otm3225.o
    0x080208d1   0x00000100   Data   RO         3151    .constdata          crc8.o
    0x080209d1   0x00000003   PAD
    0x080209d4   0x000000a0   Data   RO         3167    .constdata          flacdecoder.o
    0x08020a74   0x00000050   Data   RO         3220    .constdata          flacplay.o
    0x08020ac4   0x00000100   Data   RO         3326    .constdata          golomb.o
    0x08020bc4   0x00000020   Data   RO         3872    Region$$Table       anon$$obj.o


    Execution Region ER_RW (Base: 0x20000000, Size: 0x000000f0, Max: 0xffffffff, ABSOLUTE)

    Base Addr    Size         Type   Attr      Idx    E Section Name        Object

    0x20000000   0x00000024   Data   RW           54    .data               main.o
    0x20000024   0x00000001   Data   RW           55    .data               main.o
    0x20000025   0x00000001   Data   RW           56    .data               main.o
    0x20000026   0x00000002   PAD
    0x20000028   0x00000028   Data   RW          436    .data               sdcard.o
    0x20000050   0x0000005c   Data   RW          646    .data               stm32f10x_it.o
    0x200000ac   0x00000008   Data   RW         2592    .data               ff.o
    0x200000b4   0x00000006   Data   RW         2803    .data               tft_otm3225.o
    0x200000ba   0x00000002   PAD
    0x200000bc   0x00000020   Data   RW         3221    .data               flacplay.o
    0x200000dc   0x00000004   Data   RW         3491    .data               debug.o
    0x200000e0   0x00000004   Data   RW         3523    .data               mc_w.l(rand.o)
    0x200000e4   0x00000004   Data   RW         3846    .data               mc_w.l(stdout.o)
    0x200000e8   0x00000004   Data   RW         3851    .data               mc_w.l(mvars.o)
    0x200000ec   0x00000004   Data   RW         3852    .data               mc_w.l(mvars.o)


    Execution Region ER_ZI (Base: 0x200000f0, Size: 0x0000d860, Max: 0xffffffff, ABSOLUTE)

    Base Addr    Size         Type   Attr      Idx    E Section Name        Object

    0x200000f0   0x00003ba2   Zero   RW           51    .bss                main.o
    0x20003c92   0x00003018   Zero   RW           52    .bss                main.o
    0x20006caa   0x00000002   PAD
    0x20006cac   0x00000064   Zero   RW          435    .bss                sdcard.o
    0x20006d10   0x00001000   Zero   RW         2496    .bss                diskio.o
    0x20007d10   0x000000c8   Zero   RW         2590    .bss                ff.o
    0x20007dd8   0x00000a72   Zero   RW         2801    .bss                tft_otm3225.o
    0x2000884a   0x00000002   PAD
    0x2000884c   0x00000010   Zero   RW         3490    .bss                debug.o
    0x2000885c   0x00000004   PAD
    0x20008860   0x00003cf0   Zero   RW         1013    HEAP                stm32f10x_vector.o
    0x2000c550   0x00001400   Zero   RW         1012    STACK               stm32f10x_vector.o


==============================================================================

Image component sizes


      Code (inc. data)   RO Data    RW Data    ZI Data      Debug   Object Name

       220          0          0          0          0       5779   bitstream.o
         0          0       2048          0          0        582   bmpicon.o
        68          6      87172          0          0       4777   cc936.o
        32          6        256          0          0        912   crc8.o
       152         24          0          4         16       2446   debug.o
       490         20          0          0       4096      10643   diskio.o
      3942         56         13          8        200      18946   ff.o
       932          6        160          0          0       6498   flacdecoder.o
      3346        388         80         32          0      16473   flacplay.o
       256         16          0          0          0        680   fsmc_lcd.o
         0          0        256          0          0        466   golomb.o
       306          0          0          0          0       1505   lcd_printf.o
       104          8          0          0          0        967   led.o
      9318       1876        359         38      27578     289242   main.o
      6246        260          0         40        100      21449   sdcard.o
       314         10          0          0          0       7270   stm32f10x_adc.o
       134         16          0          0          0       2909   stm32f10x_dma.o
        48         12          0          0          0        921   stm32f10x_flash.o
       220          4          0          0          0       1625   stm32f10x_fsmc.o
       176          0          0          0          0       2822   stm32f10x_gpio.o
       870         70          0         92          0      29386   stm32f10x_it.o
       144         20          0          0          0       1407   stm32f10x_nvic.o
       538         96         20          0          0       9661   stm32f10x_rcc.o
       364         96          0          0          0       9579   stm32f10x_sdio.o
       100          0          0          0          0       2212   stm32f10x_spi.o
       182          6          0          0          0       3264   stm32f10x_usart.o
         8          4        304          0      20720        344   stm32f10x_vector.o
       984         10          0          0          0       6023   subframe_decoders.o
      2636        156       4104          6       2674      23571   tft_otm3225.o
      2666        594          0          0          0      10625   wavplay.o

    ----------------------------------------------------------------------
     34846       3760      94808        224      55392     492984   Object Totals
         0          0         32          0          0          0   (incl. Generated)
        50          0          4          4          8          0   (incl. Padding)

    ----------------------------------------------------------------------

      Code (inc. data)   RO Data    RW Data    ZI Data      Debug   Library Member Name

         0          0          0          0          0          0   entry.o
         0          0          0          0          0          0   entry10a.o
         0          0          0          0          0          0   entry11a.o
         8          4          0          0          0          0   entry2.o
         4          0          0          0          0          0   entry5.o
         0          0          0          0          0          0   entry7b.o
         0          0          0          0          0          0   entry8b.o
         8          4          0          0          0          0   entry9a.o
        30          0          0          0          0          0   handlers.o
        36          8          0          0          0         68   init.o
         0          0          0          0          0          0   iusefp.o
        30          0          0          0          0         68   llshl.o
        36          0          0          0          0         68   llsshr.o
        32          0          0          0          0         68   llushr.o
       188         20          0          0          0        160   malloc.o
        26          0          0          0          0         80   memcmp.o
        36          0          0          0          0         68   memcpya.o
        36          0          0          0          0        108   memseta.o
         0          0          0          8          0          0   mvars.o
       372         16          0          0          0        180   printf1.o
      2242         90          0          0          0        444   printfa.o
        36         10          0          4          0        136   rand.o
         0          0          0          4          0          0   stdout.o
        24          0          0          0          0         68   strcat.o
        18          0          0          0          0         68   strcpy.o
        40          0          0          0          0         76   strncat.o
        30          0          0          0          0         80   strncmp.o
        24          0          0          0          0         76   strncpy.o
        44          0          0          0          0         80   uidiv.o
        98          0          0          0          0         92   uldiv.o
        40          2          0          0          0         68   cdrcmple.o
       334          0          0          0          0        148   dadd.o
       222          0          0          0          0        100   ddiv.o
       190          0          0          0          0        176   depilogue.o
        48          0          0          0          0         68   dfixul.o
       228          0          0          0          0         96   dmul.o

    ----------------------------------------------------------------------
      4462        154          0         16          0       2644   Library Totals
         2          0          0          0          0          0   (incl. Padding)

    ----------------------------------------------------------------------

      Code (inc. data)   RO Data    RW Data    ZI Data      Debug   Library Name

      3398        152          0         16          0       1988   mc_w.l
      1062          2          0          0          0        656   mf_w.l

    ----------------------------------------------------------------------
      4462        154          0         16          0       2644   Library Totals

    ----------------------------------------------------------------------

==============================================================================


      Code (inc. data)   RO Data    RW Data    ZI Data      Debug   

     39308       3914      94808        240      55392     478364   Grand Totals
     39308       3914      94808        240      55392     478364   ELF Image Totals
     39308       3914      94808        240          0          0   ROM Totals

==============================================================================

    Total RO  Size (Code + RO Data)               134116 ( 130.97kB)
    Total RW  Size (RW Data + ZI Data)             55632 (  54.33kB)
    Total ROM Size (Code + RO Data + RW Data)     134356 ( 131.21kB)

==============================================================================

